Archive member included to satisfy reference by file (symbol)

/home/karl/arduino-1.8.5/hardware/tools/arm/bin/../lib/gcc/arm-none-eabi/5.4.1/../../../../arm-none-eabi/lib/armv7e-m/fpu/libstdc++_nano.a(atexit_arm.o)
                              ./teensy3/Tone.o (__aeabi_atexit)
/home/karl/arduino-1.8.5/hardware/tools/arm/bin/../lib/gcc/arm-none-eabi/5.4.1/../../../../arm-none-eabi/lib/armv7e-m/fpu/libm.a(lib_a-s_cos.o)
                              ./TinyGPSPlus/TinyGPS++.o (cos)
/home/karl/arduino-1.8.5/hardware/tools/arm/bin/../lib/gcc/arm-none-eabi/5.4.1/../../../../arm-none-eabi/lib/armv7e-m/fpu/libm.a(lib_a-s_sin.o)
                              ./TinyGPSPlus/TinyGPS++.o (sin)
/home/karl/arduino-1.8.5/hardware/tools/arm/bin/../lib/gcc/arm-none-eabi/5.4.1/../../../../arm-none-eabi/lib/armv7e-m/fpu/libm.a(lib_a-sf_copysign.o)
                              ./teensy3/nonstd.o (copysignf)
/home/karl/arduino-1.8.5/hardware/tools/arm/bin/../lib/gcc/arm-none-eabi/5.4.1/../../../../arm-none-eabi/lib/armv7e-m/fpu/libm.a(lib_a-sf_modf.o)
                              ./JetiExProtocolBuf.o (modff)
/home/karl/arduino-1.8.5/hardware/tools/arm/bin/../lib/gcc/arm-none-eabi/5.4.1/../../../../arm-none-eabi/lib/armv7e-m/fpu/libm.a(lib_a-w_atan2.o)
                              ./TinyGPSPlus/TinyGPS++.o (atan2)
/home/karl/arduino-1.8.5/hardware/tools/arm/bin/../lib/gcc/arm-none-eabi/5.4.1/../../../../arm-none-eabi/lib/armv7e-m/fpu/libm.a(lib_a-w_pow.o)
                              ./BMP280.o (pow)
/home/karl/arduino-1.8.5/hardware/tools/arm/bin/../lib/gcc/arm-none-eabi/5.4.1/../../../../arm-none-eabi/lib/armv7e-m/fpu/libm.a(lib_a-w_sqrt.o)
                              ./TinyGPSPlus/TinyGPS++.o (sqrt)
/home/karl/arduino-1.8.5/hardware/tools/arm/bin/../lib/gcc/arm-none-eabi/5.4.1/../../../../arm-none-eabi/lib/armv7e-m/fpu/libm.a(lib_a-wf_log10.o)
                              ./teensy3/math_helper.o (log10f)
/home/karl/arduino-1.8.5/hardware/tools/arm/bin/../lib/gcc/arm-none-eabi/5.4.1/../../../../arm-none-eabi/lib/armv7e-m/fpu/libm.a(lib_a-e_atan2.o)
                              /home/karl/arduino-1.8.5/hardware/tools/arm/bin/../lib/gcc/arm-none-eabi/5.4.1/../../../../arm-none-eabi/lib/armv7e-m/fpu/libm.a(lib_a-w_atan2.o) (__ieee754_atan2)
/home/karl/arduino-1.8.5/hardware/tools/arm/bin/../lib/gcc/arm-none-eabi/5.4.1/../../../../arm-none-eabi/lib/armv7e-m/fpu/libm.a(lib_a-e_pow.o)
                              /home/karl/arduino-1.8.5/hardware/tools/arm/bin/../lib/gcc/arm-none-eabi/5.4.1/../../../../arm-none-eabi/lib/armv7e-m/fpu/libm.a(lib_a-w_pow.o) (__ieee754_pow)
/home/karl/arduino-1.8.5/hardware/tools/arm/bin/../lib/gcc/arm-none-eabi/5.4.1/../../../../arm-none-eabi/lib/armv7e-m/fpu/libm.a(lib_a-e_rem_pio2.o)
                              /home/karl/arduino-1.8.5/hardware/tools/arm/bin/../lib/gcc/arm-none-eabi/5.4.1/../../../../arm-none-eabi/lib/armv7e-m/fpu/libm.a(lib_a-s_cos.o) (__ieee754_rem_pio2)
/home/karl/arduino-1.8.5/hardware/tools/arm/bin/../lib/gcc/arm-none-eabi/5.4.1/../../../../arm-none-eabi/lib/armv7e-m/fpu/libm.a(lib_a-e_sqrt.o)
                              /home/karl/arduino-1.8.5/hardware/tools/arm/bin/../lib/gcc/arm-none-eabi/5.4.1/../../../../arm-none-eabi/lib/armv7e-m/fpu/libm.a(lib_a-w_sqrt.o) (__ieee754_sqrt)
/home/karl/arduino-1.8.5/hardware/tools/arm/bin/../lib/gcc/arm-none-eabi/5.4.1/../../../../arm-none-eabi/lib/armv7e-m/fpu/libm.a(lib_a-ef_log10.o)
                              /home/karl/arduino-1.8.5/hardware/tools/arm/bin/../lib/gcc/arm-none-eabi/5.4.1/../../../../arm-none-eabi/lib/armv7e-m/fpu/libm.a(lib_a-wf_log10.o) (__ieee754_log10f)
/home/karl/arduino-1.8.5/hardware/tools/arm/bin/../lib/gcc/arm-none-eabi/5.4.1/../../../../arm-none-eabi/lib/armv7e-m/fpu/libm.a(lib_a-k_cos.o)
                              /home/karl/arduino-1.8.5/hardware/tools/arm/bin/../lib/gcc/arm-none-eabi/5.4.1/../../../../arm-none-eabi/lib/armv7e-m/fpu/libm.a(lib_a-s_cos.o) (__kernel_cos)
/home/karl/arduino-1.8.5/hardware/tools/arm/bin/../lib/gcc/arm-none-eabi/5.4.1/../../../../arm-none-eabi/lib/armv7e-m/fpu/libm.a(lib_a-k_rem_pio2.o)
                              /home/karl/arduino-1.8.5/hardware/tools/arm/bin/../lib/gcc/arm-none-eabi/5.4.1/../../../../arm-none-eabi/lib/armv7e-m/fpu/libm.a(lib_a-e_rem_pio2.o) (__kernel_rem_pio2)
/home/karl/arduino-1.8.5/hardware/tools/arm/bin/../lib/gcc/arm-none-eabi/5.4.1/../../../../arm-none-eabi/lib/armv7e-m/fpu/libm.a(lib_a-k_sin.o)
                              /home/karl/arduino-1.8.5/hardware/tools/arm/bin/../lib/gcc/arm-none-eabi/5.4.1/../../../../arm-none-eabi/lib/armv7e-m/fpu/libm.a(lib_a-s_cos.o) (__kernel_sin)
/home/karl/arduino-1.8.5/hardware/tools/arm/bin/../lib/gcc/arm-none-eabi/5.4.1/../../../../arm-none-eabi/lib/armv7e-m/fpu/libm.a(lib_a-s_atan.o)
                              /home/karl/arduino-1.8.5/hardware/tools/arm/bin/../lib/gcc/arm-none-eabi/5.4.1/../../../../arm-none-eabi/lib/armv7e-m/fpu/libm.a(lib_a-e_atan2.o) (atan)
[...]
Memory Configuration

Name             Origin             Length             Attributes
FLASH            0x0000000000000000 0x0000000000080000 xr
RAM              0x000000001fff0000 0x0000000000030000 xrw
*default*        0x0000000000000000 0xffffffffffffffff

Linker script and memory map

LOAD /home/karl/arduino-1.8.5/hardware/tools/arm/bin/../lib/gcc/arm-none-eabi/5.4.1/armv7e-m/fpu/crti.o
LOAD /home/karl/arduino-1.8.5/hardware/tools/arm/bin/../lib/gcc/arm-none-eabi/5.4.1/armv7e-m/fpu/crtbegin.o
LOAD /home/karl/arduino-1.8.5/hardware/tools/arm/bin/../lib/gcc/arm-none-eabi/5.4.1/../../../../arm-none-eabi/lib/armv7e-m/fpu/crt0.o
                0x0000000000000000                __rtc_localtime = 0x0
LOAD ./teensy3/AudioStream.o
LOAD ./teensy3/DMAChannel.o
LOAD ./teensy3/EventResponder.o
LOAD ./teensy3/HardwareSerial1.o
LOAD ./teensy3/HardwareSerial2.o
LOAD ./teensy3/HardwareSerial3.o
LOAD ./teensy3/HardwareSerial4.o
LOAD ./teensy3/HardwareSerial5.o
LOAD ./teensy3/HardwareSerial6.o
LOAD ./teensy3/IPAddress.o
LOAD ./teensy3/IntervalTimer.o
LOAD ./teensy3/Print.o
LOAD ./teensy3/Stream.o
LOAD ./teensy3/Tone.o
LOAD ./teensy3/WMath.o
LOAD ./teensy3/WString.o
LOAD ./teensy3/analog.o
LOAD ./teensy3/avr_emulation.o
LOAD ./teensy3/eeprom.o
LOAD ./teensy3/keylayouts.o
LOAD ./teensy3/math_helper.o
LOAD ./teensy3/memcpy-armv7m.o
LOAD ./teensy3/memset.o
LOAD ./teensy3/mk20dx128.o
LOAD ./teensy3/new.o
LOAD ./teensy3/nonstd.o
LOAD ./teensy3/pins_teensy.o
LOAD ./teensy3/ser_print.o
LOAD ./teensy3/serial1.o
LOAD ./teensy3/serial2.o
LOAD ./teensy3/serial3.o
LOAD ./teensy3/serial4.o
LOAD ./teensy3/serial5.o
LOAD ./teensy3/serial6.o
LOAD ./teensy3/serial6_lpuart.o
LOAD ./teensy3/touch.o
LOAD ./teensy3/usb_audio.o
LOAD ./teensy3/usb_desc.o
LOAD ./teensy3/usb_dev.o
LOAD ./teensy3/usb_flightsim.o
LOAD ./teensy3/usb_inst.o
LOAD ./teensy3/usb_joystick.o
LOAD ./teensy3/usb_keyboard.o
LOAD ./teensy3/usb_mem.o
LOAD ./teensy3/usb_midi.o
LOAD ./teensy3/usb_mouse.o
LOAD ./teensy3/usb_mtp.o
LOAD ./teensy3/usb_rawhid.o
LOAD ./teensy3/usb_seremu.o
LOAD ./teensy3/usb_serial.o
LOAD ./teensy3/usb_touch.o
LOAD ./teensy3/yield.o
LOAD ./i2c_t3/i2c_t3.o
LOAD ./TinyGPSPlus/TinyGPS++.o
LOAD ./SPI/SPI.o
LOAD ./EEPROM/EEPROM.o
LOAD ./BMP280.o
LOAD ./JetiExBusProtocol.o
LOAD ./JetiExBusSerial.o
LOAD ./JetiExProtocolBuf.o
LOAD ./MS5611.o
LOAD ./VarioSensor.o
LOAD ./main.o
LOAD /home/karl/arduino-1.8.5/hardware/tools/arm/bin/../lib/gcc/arm-none-eabi/5.4.1/../../../../arm-none-eabi/lib/armv7e-m/fpu/libstdc++_nano.a
LOAD /home/karl/arduino-1.8.5/hardware/tools/arm/bin/../lib/gcc/arm-none-eabi/5.4.1/../../../../arm-none-eabi/lib/armv7e-m/fpu/libm.a
START GROUP
LOAD /home/karl/arduino-1.8.5/hardware/tools/arm/bin/../lib/gcc/arm-none-eabi/5.4.1/armv7e-m/fpu/libgcc.a
LOAD /home/karl/arduino-1.8.5/hardware/tools/arm/bin/../lib/gcc/arm-none-eabi/5.4.1/../../../../arm-none-eabi/lib/armv7e-m/fpu/libg_nano.a
LOAD /home/karl/arduino-1.8.5/hardware/tools/arm/bin/../lib/gcc/arm-none-eabi/5.4.1/../../../../arm-none-eabi/lib/armv7e-m/fpu/libc_nano.a
END GROUP
START GROUP
LOAD /home/karl/arduino-1.8.5/hardware/tools/arm/bin/../lib/gcc/arm-none-eabi/5.4.1/armv7e-m/fpu/libgcc.a
LOAD /home/karl/arduino-1.8.5/hardware/tools/arm/bin/../lib/gcc/arm-none-eabi/5.4.1/../../../../arm-none-eabi/lib/armv7e-m/fpu/libc_nano.a
END GROUP
LOAD /home/karl/arduino-1.8.5/hardware/tools/arm/bin/../lib/gcc/arm-none-eabi/5.4.1/armv7e-m/fpu/crtend.o
LOAD /home/karl/arduino-1.8.5/hardware/tools/arm/bin/../lib/gcc/arm-none-eabi/5.4.1/armv7e-m/fpu/crtn.o

.text           0x0000000000000000    0x16584
                0x0000000000000000                . = 0x0
 *(.vectors)
 .vectors       0x0000000000000000      0x198 ./teensy3/mk20dx128.o
                0x0000000000000000                _VectorsFlash
 *(.startup*)
                0x0000000000000400                . = 0x400
 *fill*         0x0000000000000198      0x268 ff
 *(.flashconfig*)
 .flashconfig   0x0000000000000400       0x10 ./teensy3/mk20dx128.o
                0x0000000000000400                flashconfigbytes
 *(.text*)
 .text          0x0000000000000410       0x5c /home/karl/arduino-1.8.5/hardware/tools/arm/bin/../lib/gcc/arm-none-eabi/5.4.1/armv7e-m/fpu/crtbegin.o
 .text.software_isr
                0x000000000000046c       0xc0 ./teensy3/AudioStream.o
                0x000000000000046c                software_isr
 .text._ZN10DMAChannel5beginEb
                0x000000000000052c      0x190 ./teensy3/DMAChannel.o
                0x000000000000052c                DMAChannel::begin(bool)
 .text._ZN10DMAChannel7releaseEv
                0x00000000000006bc       0x60 ./teensy3/DMAChannel.o
                0x00000000000006bc                DMAChannel::release()
 .text._ZN14EventResponder17disableInterruptsEv
                0x000000000000071c       0x28 ./teensy3/EventResponder.o
                0x000000000000071c                EventResponder::disableInterrupts()
 .text._ZN14EventResponder16enableInterruptsEb
                0x0000000000000744       0x20 ./teensy3/EventResponder.o
                0x0000000000000744                EventResponder::enableInterrupts(bool)
 .text._ZN11MillisTimer21disableTimerInterruptEv
                0x0000000000000764       0x28 ./teensy3/EventResponder.o
                0x0000000000000764                MillisTimer::disableTimerInterrupt()
 .text._ZN11MillisTimer20enableTimerInterruptEb
                0x000000000000078c       0x20 ./teensy3/EventResponder.o
                0x000000000000078c                MillisTimer::enableTimerInterrupt(bool)
 .text.pendablesrvreq_isr
                0x00000000000007ac        0xc ./teensy3/EventResponder.o
                0x00000000000007ac                pendablesrvreq_isr
 .text._ZN14EventResponder16runFromInterruptEv
                0x00000000000007b8       0x6c ./teensy3/EventResponder.o
                0x00000000000007b8                EventResponder::runFromInterrupt()
 .text._ZN11MillisTimer15addToActiveListEv
                0x0000000000000824       0xf8 ./teensy3/EventResponder.o
                0x0000000000000824                MillisTimer::addToActiveList()
 .text._ZN11MillisTimer12runFromTimerEv
                0x000000000000091c       0xbc ./teensy3/EventResponder.o
                0x000000000000091c                MillisTimer::runFromTimer()
 .text.systick_isr
                0x00000000000009d8       0x1c ./teensy3/EventResponder.o
                0x00000000000009d8                systick_isr
 .text._ZN14HardwareSerial5beginEm
                0x00000000000009f4       0x2c ./teensy3/HardwareSerial1.o
                0x00000000000009f4                HardwareSerial::begin(unsigned long)
 .text._ZN14HardwareSerial5beginEmm
                0x0000000000000a20       0x34 ./teensy3/HardwareSerial1.o
                0x0000000000000a20                HardwareSerial::begin(unsigned long, unsigned long)
 .text._ZN14HardwareSerial3endEv
                0x0000000000000a54       0x14 ./teensy3/HardwareSerial1.o
                0x0000000000000a54                HardwareSerial::end()
 .text._ZN14HardwareSerial17transmitterEnableEh
                0x0000000000000a68       0x1c ./teensy3/HardwareSerial1.o
                0x0000000000000a68                HardwareSerial::transmitterEnable(unsigned char)
 .text._ZN14HardwareSerial5setRXEh
                0x0000000000000a84       0x1c ./teensy3/HardwareSerial1.o
                0x0000000000000a84                HardwareSerial::setRX(unsigned char)
 .text._ZN14HardwareSerial5setTXEhb
                0x0000000000000aa0       0x24 ./teensy3/HardwareSerial1.o
                0x0000000000000aa0                HardwareSerial::setTX(unsigned char, bool)
 .text._ZN14HardwareSerial9attachRtsEh
                0x0000000000000ac4       0x28 ./teensy3/HardwareSerial1.o
                0x0000000000000ac4                HardwareSerial::attachRts(unsigned char)
 .text._ZN14HardwareSerial9attachCtsEh
                0x0000000000000aec       0x28 ./teensy3/HardwareSerial1.o
                0x0000000000000aec                HardwareSerial::attachCts(unsigned char)
 .text._ZN14HardwareSerial9availableEv
                0x0000000000000b14       0x18 ./teensy3/HardwareSerial1.o
                0x0000000000000b14                HardwareSerial::available()
 .text._ZN14HardwareSerial4peekEv
                0x0000000000000b2c       0x18 ./teensy3/HardwareSerial1.o
                0x0000000000000b2c                HardwareSerial::peek()
 .text._ZN14HardwareSerial4readEv
                0x0000000000000b44       0x18 ./teensy3/HardwareSerial1.o
                0x0000000000000b44                HardwareSerial::read()
 .text._ZN14HardwareSerial5flushEv
                0x0000000000000b5c       0x14 ./teensy3/HardwareSerial1.o
                0x0000000000000b5c                HardwareSerial::flush()
 .text._ZN14HardwareSerial5clearEv
                0x0000000000000b70       0x14 ./teensy3/HardwareSerial1.o
                0x0000000000000b70                HardwareSerial::clear()
 .text._ZN14HardwareSerial17availableForWriteEv
                0x0000000000000b84       0x18 ./teensy3/HardwareSerial1.o
                0x0000000000000b84                HardwareSerial::availableForWrite()
 .text._ZN14HardwareSerial5writeEh
                0x0000000000000b9c       0x20 ./teensy3/HardwareSerial1.o
                0x0000000000000b9c                HardwareSerial::write(unsigned char)
 .text._ZN14HardwareSerial5writeEm
                0x0000000000000bbc       0x24 ./teensy3/HardwareSerial1.o
                0x0000000000000bbc                HardwareSerial::write(unsigned long)
 .text._ZN14HardwareSerial5writeEl
                0x0000000000000be0       0x24 ./teensy3/HardwareSerial1.o
                0x0000000000000be0                HardwareSerial::write(long)
 .text._ZN14HardwareSerial5writeEj
                0x0000000000000c04       0x24 ./teensy3/HardwareSerial1.o
                0x0000000000000c04                HardwareSerial::write(unsigned int)
 .text._ZN14HardwareSerial5writeEi
                0x0000000000000c28       0x24 ./teensy3/HardwareSerial1.o
                0x0000000000000c28                HardwareSerial::write(int)
 .text._ZN14HardwareSerial5writeEPKhj
                0x0000000000000c4c       0x20 ./teensy3/HardwareSerial1.o
                0x0000000000000c4c                HardwareSerial::write(unsigned char const*, unsigned int)
 .text._ZN14HardwareSerial5writeEPKc
                0x0000000000000c6c       0x24 ./teensy3/HardwareSerial1.o
                0x0000000000000c6c                HardwareSerial::write(char const*)
 .text._ZN14HardwareSerial9write9bitEm
                0x0000000000000c90       0x1c ./teensy3/HardwareSerial1.o
                0x0000000000000c90                HardwareSerial::write9bit(unsigned long)
 .text._Z12serialEvent1v
                0x0000000000000cac       0x10 ./teensy3/HardwareSerial1.o
                0x0000000000000cac                serialEvent1()
 .text._ZN15HardwareSerial25beginEm
                0x0000000000000cbc       0x2c ./teensy3/HardwareSerial2.o
                0x0000000000000cbc                HardwareSerial2::begin(unsigned long)
 .text._ZN15HardwareSerial25beginEmm
                0x0000000000000ce8       0x34 ./teensy3/HardwareSerial2.o
                0x0000000000000ce8                HardwareSerial2::begin(unsigned long, unsigned long)
 .text._ZN15HardwareSerial23endEv
                0x0000000000000d1c       0x14 ./teensy3/HardwareSerial2.o
                0x0000000000000d1c                HardwareSerial2::end()
 .text._ZN15HardwareSerial217transmitterEnableEh
                0x0000000000000d30       0x1c ./teensy3/HardwareSerial2.o
                0x0000000000000d30                HardwareSerial2::transmitterEnable(unsigned char)
 .text._ZN15HardwareSerial25setRXEh
                0x0000000000000d4c       0x1c ./teensy3/HardwareSerial2.o
                0x0000000000000d4c                HardwareSerial2::setRX(unsigned char)
 .text._ZN15HardwareSerial25setTXEhb
                0x0000000000000d68       0x24 ./teensy3/HardwareSerial2.o
                0x0000000000000d68                HardwareSerial2::setTX(unsigned char, bool)
 .text._ZN15HardwareSerial29attachRtsEh
                0x0000000000000d8c       0x28 ./teensy3/HardwareSerial2.o
                0x0000000000000d8c                HardwareSerial2::attachRts(unsigned char)
 .text._ZN15HardwareSerial29attachCtsEh
                0x0000000000000db4       0x28 ./teensy3/HardwareSerial2.o
                0x0000000000000db4                HardwareSerial2::attachCts(unsigned char)
 .text._ZN15HardwareSerial29availableEv
                0x0000000000000ddc       0x18 ./teensy3/HardwareSerial2.o
                0x0000000000000ddc                HardwareSerial2::available()
 .text._ZN15HardwareSerial24peekEv
                0x0000000000000df4       0x18 ./teensy3/HardwareSerial2.o
                0x0000000000000df4                HardwareSerial2::peek()
 .text._ZN15HardwareSerial24readEv
                0x0000000000000e0c       0x18 ./teensy3/HardwareSerial2.o
                0x0000000000000e0c                HardwareSerial2::read()
 .text._ZN15HardwareSerial25flushEv
                0x0000000000000e24       0x14 ./teensy3/HardwareSerial2.o
                0x0000000000000e24                HardwareSerial2::flush()
 .text._ZN15HardwareSerial25clearEv
                0x0000000000000e38       0x14 ./teensy3/HardwareSerial2.o
                0x0000000000000e38                HardwareSerial2::clear()
 .text._ZN15HardwareSerial217availableForWriteEv
                0x0000000000000e4c       0x18 ./teensy3/HardwareSerial2.o
                0x0000000000000e4c                HardwareSerial2::availableForWrite()
 .text._ZN15HardwareSerial25writeEh
                0x0000000000000e64       0x20 ./teensy3/HardwareSerial2.o
                0x0000000000000e64                HardwareSerial2::write(unsigned char)
 .text._ZN15HardwareSerial25writeEm
                0x0000000000000e84       0x24 ./teensy3/HardwareSerial2.o
                0x0000000000000e84                HardwareSerial2::write(unsigned long)
 .text._ZN15HardwareSerial25writeEl
                0x0000000000000ea8       0x24 ./teensy3/HardwareSerial2.o
                0x0000000000000ea8                HardwareSerial2::write(long)
 .text._ZN15HardwareSerial25writeEj
                0x0000000000000ecc       0x24 ./teensy3/HardwareSerial2.o
                0x0000000000000ecc                HardwareSerial2::write(unsigned int)
 .text._ZN15HardwareSerial25writeEi
                0x0000000000000ef0       0x24 ./teensy3/HardwareSerial2.o
                0x0000000000000ef0                HardwareSerial2::write(int)
 .text._ZN15HardwareSerial25writeEPKhj
                0x0000000000000f14       0x20 ./teensy3/HardwareSerial2.o
                0x0000000000000f14                HardwareSerial2::write(unsigned char const*, unsigned int)
 .text._ZN15HardwareSerial25writeEPKc
                0x0000000000000f34       0x24 ./teensy3/HardwareSerial2.o
                0x0000000000000f34                HardwareSerial2::write(char const*)
 .text._ZN15HardwareSerial29write9bitEm
                0x0000000000000f58       0x1c ./teensy3/HardwareSerial2.o
                0x0000000000000f58                HardwareSerial2::write9bit(unsigned long)
 .text._Z12serialEvent2v
                0x0000000000000f74       0x10 ./teensy3/HardwareSerial2.o
                0x0000000000000f74                serialEvent2()
 .text._ZN15HardwareSerial35beginEm
                0x0000000000000f84       0x2c ./teensy3/HardwareSerial3.o
                0x0000000000000f84                HardwareSerial3::begin(unsigned long)
 .text._ZN15HardwareSerial35beginEmm
                0x0000000000000fb0       0x34 ./teensy3/HardwareSerial3.o
                0x0000000000000fb0                HardwareSerial3::begin(unsigned long, unsigned long)
 .text._ZN15HardwareSerial33endEv
                0x0000000000000fe4       0x14 ./teensy3/HardwareSerial3.o
                0x0000000000000fe4                HardwareSerial3::end()
 .text._ZN15HardwareSerial317transmitterEnableEh
                0x0000000000000ff8       0x1c ./teensy3/HardwareSerial3.o
                0x0000000000000ff8                HardwareSerial3::transmitterEnable(unsigned char)
 .text._ZN15HardwareSerial35setRXEh
                0x0000000000001014       0x1c ./teensy3/HardwareSerial3.o
                0x0000000000001014                HardwareSerial3::setRX(unsigned char)
 .text._ZN15HardwareSerial35setTXEhb
                0x0000000000001030       0x24 ./teensy3/HardwareSerial3.o
                0x0000000000001030                HardwareSerial3::setTX(unsigned char, bool)
 .text._ZN15HardwareSerial39attachRtsEh
                0x0000000000001054       0x28 ./teensy3/HardwareSerial3.o
                0x0000000000001054                HardwareSerial3::attachRts(unsigned char)
 .text._ZN15HardwareSerial39attachCtsEh
                0x000000000000107c       0x28 ./teensy3/HardwareSerial3.o
                0x000000000000107c                HardwareSerial3::attachCts(unsigned char)
 .text._ZN15HardwareSerial39availableEv
                0x00000000000010a4       0x18 ./teensy3/HardwareSerial3.o
                0x00000000000010a4                HardwareSerial3::available()
 .text._ZN15HardwareSerial34peekEv
                0x00000000000010bc       0x18 ./teensy3/HardwareSerial3.o
                0x00000000000010bc                HardwareSerial3::peek()
 .text._ZN15HardwareSerial34readEv
                0x00000000000010d4       0x18 ./teensy3/HardwareSerial3.o
                0x00000000000010d4                HardwareSerial3::read()
 .text._ZN15HardwareSerial35flushEv
                0x00000000000010ec       0x14 ./teensy3/HardwareSerial3.o
                0x00000000000010ec                HardwareSerial3::flush()
 .text._ZN15HardwareSerial35clearEv
                0x0000000000001100       0x14 ./teensy3/HardwareSerial3.o
                0x0000000000001100                HardwareSerial3::clear()
 .text._ZN15HardwareSerial317availableForWriteEv
                0x0000000000001114       0x18 ./teensy3/HardwareSerial3.o
                0x0000000000001114                HardwareSerial3::availableForWrite()
 .text._ZN15HardwareSerial35writeEh
                0x000000000000112c       0x20 ./teensy3/HardwareSerial3.o
                0x000000000000112c                HardwareSerial3::write(unsigned char)
 .text._ZN15HardwareSerial35writeEm
                0x000000000000114c       0x24 ./teensy3/HardwareSerial3.o
                0x000000000000114c                HardwareSerial3::write(unsigned long)
 .text._ZN15HardwareSerial35writeEl
                0x0000000000001170       0x24 ./teensy3/HardwareSerial3.o
                0x0000000000001170                HardwareSerial3::write(long)
 .text._ZN15HardwareSerial35writeEj
                0x0000000000001194       0x24 ./teensy3/HardwareSerial3.o
                0x0000000000001194                HardwareSerial3::write(unsigned int)
 .text._ZN15HardwareSerial35writeEi
                0x00000000000011b8       0x24 ./teensy3/HardwareSerial3.o
                0x00000000000011b8                HardwareSerial3::write(int)
 .text._ZN15HardwareSerial35writeEPKhj
                0x00000000000011dc       0x20 ./teensy3/HardwareSerial3.o
                0x00000000000011dc                HardwareSerial3::write(unsigned char const*, unsigned int)
 .text._ZN15HardwareSerial35writeEPKc
                0x00000000000011fc       0x24 ./teensy3/HardwareSerial3.o
                0x00000000000011fc                HardwareSerial3::write(char const*)
 .text._ZN15HardwareSerial39write9bitEm
                0x0000000000001220       0x1c ./teensy3/HardwareSerial3.o
                0x0000000000001220                HardwareSerial3::write9bit(unsigned long)
 .text._Z12serialEvent3v
                0x000000000000123c       0x10 ./teensy3/HardwareSerial3.o
                0x000000000000123c                serialEvent3()
 .text._ZN15HardwareSerial45beginEm
                0x000000000000124c       0x2c ./teensy3/HardwareSerial4.o
                0x000000000000124c                HardwareSerial4::begin(unsigned long)
 .text._ZN15HardwareSerial45beginEmm
                0x0000000000001278       0x34 ./teensy3/HardwareSerial4.o
                0x0000000000001278                HardwareSerial4::begin(unsigned long, unsigned long)
 .text._ZN15HardwareSerial43endEv
                0x00000000000012ac       0x14 ./teensy3/HardwareSerial4.o
                0x00000000000012ac                HardwareSerial4::end()
 .text._ZN15HardwareSerial417transmitterEnableEh
                0x00000000000012c0       0x1c ./teensy3/HardwareSerial4.o
                0x00000000000012c0                HardwareSerial4::transmitterEnable(unsigned char)
 .text._ZN15HardwareSerial45setRXEh
                0x00000000000012dc       0x1c ./teensy3/HardwareSerial4.o
                0x00000000000012dc                HardwareSerial4::setRX(unsigned char)
 .text._ZN15HardwareSerial45setTXEhb
                0x00000000000012f8       0x24 ./teensy3/HardwareSerial4.o
                0x00000000000012f8                HardwareSerial4::setTX(unsigned char, bool)
 .text._ZN15HardwareSerial49attachRtsEh
                0x000000000000131c       0x28 ./teensy3/HardwareSerial4.o
                0x000000000000131c                HardwareSerial4::attachRts(unsigned char)
 .text._ZN15HardwareSerial49attachCtsEh
                0x0000000000001344       0x28 ./teensy3/HardwareSerial4.o
                0x0000000000001344                HardwareSerial4::attachCts(unsigned char)
 .text._ZN15HardwareSerial49availableEv
                0x000000000000136c       0x18 ./teensy3/HardwareSerial4.o
                0x000000000000136c                HardwareSerial4::available()
 .text._ZN15HardwareSerial44peekEv
                0x0000000000001384       0x18 ./teensy3/HardwareSerial4.o
                0x0000000000001384                HardwareSerial4::peek()
 .text._ZN15HardwareSerial44readEv
                0x000000000000139c       0x18 ./teensy3/HardwareSerial4.o
                0x000000000000139c                HardwareSerial4::read()
 .text._ZN15HardwareSerial45flushEv
                0x00000000000013b4       0x14 ./teensy3/HardwareSerial4.o
                0x00000000000013b4                HardwareSerial4::flush()
 .text._ZN15HardwareSerial45clearEv
                0x00000000000013c8       0x14 ./teensy3/HardwareSerial4.o
                0x00000000000013c8                HardwareSerial4::clear()
 .text._ZN15HardwareSerial417availableForWriteEv
                0x00000000000013dc       0x18 ./teensy3/HardwareSerial4.o
                0x00000000000013dc                HardwareSerial4::availableForWrite()
 .text._ZN15HardwareSerial45writeEh
                0x00000000000013f4       0x20 ./teensy3/HardwareSerial4.o
                0x00000000000013f4                HardwareSerial4::write(unsigned char)
 .text._ZN15HardwareSerial45writeEm
                0x0000000000001414       0x24 ./teensy3/HardwareSerial4.o
                0x0000000000001414                HardwareSerial4::write(unsigned long)
 .text._ZN15HardwareSerial45writeEl
                0x0000000000001438       0x24 ./teensy3/HardwareSerial4.o
                0x0000000000001438                HardwareSerial4::write(long)
 .text._ZN15HardwareSerial45writeEj
                0x000000000000145c       0x24 ./teensy3/HardwareSerial4.o
                0x000000000000145c                HardwareSerial4::write(unsigned int)
 .text._ZN15HardwareSerial45writeEi
                0x0000000000001480       0x24 ./teensy3/HardwareSerial4.o
                0x0000000000001480                HardwareSerial4::write(int)
 .text._ZN15HardwareSerial45writeEPKhj
                0x00000000000014a4       0x20 ./teensy3/HardwareSerial4.o
                0x00000000000014a4                HardwareSerial4::write(unsigned char const*, unsigned int)
 .text._ZN15HardwareSerial45writeEPKc
                0x00000000000014c4       0x24 ./teensy3/HardwareSerial4.o
                0x00000000000014c4                HardwareSerial4::write(char const*)
 .text._ZN15HardwareSerial49write9bitEm
                0x00000000000014e8       0x1c ./teensy3/HardwareSerial4.o
                0x00000000000014e8                HardwareSerial4::write9bit(unsigned long)
 .text._Z12serialEvent4v
                0x0000000000001504       0x10 ./teensy3/HardwareSerial4.o
                0x0000000000001504                serialEvent4()
 .text._ZN15HardwareSerial55beginEm
                0x0000000000001514       0x2c ./teensy3/HardwareSerial5.o
                0x0000000000001514                HardwareSerial5::begin(unsigned long)
 .text._ZN15HardwareSerial55beginEmm
                0x0000000000001540       0x34 ./teensy3/HardwareSerial5.o
                0x0000000000001540                HardwareSerial5::begin(unsigned long, unsigned long)
 .text._ZN15HardwareSerial53endEv
                0x0000000000001574       0x14 ./teensy3/HardwareSerial5.o
                0x0000000000001574                HardwareSerial5::end()
 .text._ZN15HardwareSerial517transmitterEnableEh
                0x0000000000001588       0x1c ./teensy3/HardwareSerial5.o
                0x0000000000001588                HardwareSerial5::transmitterEnable(unsigned char)
 .text._ZN15HardwareSerial55setRXEh
                0x00000000000015a4       0x1c ./teensy3/HardwareSerial5.o
                0x00000000000015a4                HardwareSerial5::setRX(unsigned char)
 .text._ZN15HardwareSerial55setTXEhb
                0x00000000000015c0       0x24 ./teensy3/HardwareSerial5.o
                0x00000000000015c0                HardwareSerial5::setTX(unsigned char, bool)
 .text._ZN15HardwareSerial59attachRtsEh
                0x00000000000015e4       0x28 ./teensy3/HardwareSerial5.o
                0x00000000000015e4                HardwareSerial5::attachRts(unsigned char)
 .text._ZN15HardwareSerial59attachCtsEh
                0x000000000000160c       0x28 ./teensy3/HardwareSerial5.o
                0x000000000000160c                HardwareSerial5::attachCts(unsigned char)
 .text._ZN15HardwareSerial59availableEv
                0x0000000000001634       0x18 ./teensy3/HardwareSerial5.o
                0x0000000000001634                HardwareSerial5::available()
 .text._ZN15HardwareSerial54peekEv
                0x000000000000164c       0x18 ./teensy3/HardwareSerial5.o
                0x000000000000164c                HardwareSerial5::peek()
 .text._ZN15HardwareSerial54readEv
                0x0000000000001664       0x18 ./teensy3/HardwareSerial5.o
                0x0000000000001664                HardwareSerial5::read()
 .text._ZN15HardwareSerial55flushEv
                0x000000000000167c       0x14 ./teensy3/HardwareSerial5.o
                0x000000000000167c                HardwareSerial5::flush()
 .text._ZN15HardwareSerial55clearEv
                0x0000000000001690       0x14 ./teensy3/HardwareSerial5.o
                0x0000000000001690                HardwareSerial5::clear()
 .text._ZN15HardwareSerial517availableForWriteEv
                0x00000000000016a4       0x18 ./teensy3/HardwareSerial5.o
                0x00000000000016a4                HardwareSerial5::availableForWrite()
 .text._ZN15HardwareSerial55writeEh
                0x00000000000016bc       0x20 ./teensy3/HardwareSerial5.o
                0x00000000000016bc                HardwareSerial5::write(unsigned char)
 .text._ZN15HardwareSerial55writeEm
                0x00000000000016dc       0x24 ./teensy3/HardwareSerial5.o
                0x00000000000016dc                HardwareSerial5::write(unsigned long)
 .text._ZN15HardwareSerial55writeEl
                0x0000000000001700       0x24 ./teensy3/HardwareSerial5.o
                0x0000000000001700                HardwareSerial5::write(long)
 .text._ZN15HardwareSerial55writeEj
                0x0000000000001724       0x24 ./teensy3/HardwareSerial5.o
                0x0000000000001724                HardwareSerial5::write(unsigned int)
 .text._ZN15HardwareSerial55writeEi
                0x0000000000001748       0x24 ./teensy3/HardwareSerial5.o
                0x0000000000001748                HardwareSerial5::write(int)
 .text._ZN15HardwareSerial55writeEPKhj
                0x000000000000176c       0x20 ./teensy3/HardwareSerial5.o
                0x000000000000176c                HardwareSerial5::write(unsigned char const*, unsigned int)
 .text._ZN15HardwareSerial55writeEPKc
                0x000000000000178c       0x24 ./teensy3/HardwareSerial5.o
                0x000000000000178c                HardwareSerial5::write(char const*)
 .text._ZN15HardwareSerial59write9bitEm
                0x00000000000017b0       0x1c ./teensy3/HardwareSerial5.o
                0x00000000000017b0                HardwareSerial5::write9bit(unsigned long)
 .text._Z12serialEvent5v
                0x00000000000017cc       0x10 ./teensy3/HardwareSerial5.o
                0x00000000000017cc                serialEvent5()
 .text._ZN15HardwareSerial65beginEm
                0x00000000000017dc       0x2c ./teensy3/HardwareSerial6.o
                0x00000000000017dc                HardwareSerial6::begin(unsigned long)
 .text._ZN15HardwareSerial65beginEmm
                0x0000000000001808       0x34 ./teensy3/HardwareSerial6.o
                0x0000000000001808                HardwareSerial6::begin(unsigned long, unsigned long)
 .text._ZN15HardwareSerial63endEv
                0x000000000000183c       0x14 ./teensy3/HardwareSerial6.o
                0x000000000000183c                HardwareSerial6::end()
 .text._ZN15HardwareSerial617transmitterEnableEh
                0x0000000000001850       0x1c ./teensy3/HardwareSerial6.o
                0x0000000000001850                HardwareSerial6::transmitterEnable(unsigned char)
 .text._ZN15HardwareSerial65setRXEh
                0x000000000000186c       0x1c ./teensy3/HardwareSerial6.o
                0x000000000000186c                HardwareSerial6::setRX(unsigned char)
 .text._ZN15HardwareSerial65setTXEhb
                0x0000000000001888       0x24 ./teensy3/HardwareSerial6.o
                0x0000000000001888                HardwareSerial6::setTX(unsigned char, bool)
 .text._ZN15HardwareSerial69attachRtsEh
                0x00000000000018ac       0x28 ./teensy3/HardwareSerial6.o
                0x00000000000018ac                HardwareSerial6::attachRts(unsigned char)
 .text._ZN15HardwareSerial69attachCtsEh
                0x00000000000018d4       0x28 ./teensy3/HardwareSerial6.o
                0x00000000000018d4                HardwareSerial6::attachCts(unsigned char)
 .text._ZN15HardwareSerial69availableEv
                0x00000000000018fc       0x18 ./teensy3/HardwareSerial6.o
                0x00000000000018fc                HardwareSerial6::available()
 .text._ZN15HardwareSerial64peekEv
                0x0000000000001914       0x18 ./teensy3/HardwareSerial6.o
                0x0000000000001914                HardwareSerial6::peek()
 .text._ZN15HardwareSerial64readEv
                0x000000000000192c       0x18 ./teensy3/HardwareSerial6.o
                0x000000000000192c                HardwareSerial6::read()
 .text._ZN15HardwareSerial65flushEv
                0x0000000000001944       0x14 ./teensy3/HardwareSerial6.o
                0x0000000000001944                HardwareSerial6::flush()
 .text._ZN15HardwareSerial65clearEv
                0x0000000000001958       0x14 ./teensy3/HardwareSerial6.o
                0x0000000000001958                HardwareSerial6::clear()
 .text._ZN15HardwareSerial617availableForWriteEv
                0x000000000000196c       0x18 ./teensy3/HardwareSerial6.o
                0x000000000000196c                HardwareSerial6::availableForWrite()
 .text._ZN15HardwareSerial65writeEh
                0x0000000000001984       0x20 ./teensy3/HardwareSerial6.o
                0x0000000000001984                HardwareSerial6::write(unsigned char)
 .text._ZN15HardwareSerial65writeEm
                0x00000000000019a4       0x24 ./teensy3/HardwareSerial6.o
                0x00000000000019a4                HardwareSerial6::write(unsigned long)
 .text._ZN15HardwareSerial65writeEl
                0x00000000000019c8       0x24 ./teensy3/HardwareSerial6.o
                0x00000000000019c8                HardwareSerial6::write(long)
 .text._ZN15HardwareSerial65writeEj
                0x00000000000019ec       0x24 ./teensy3/HardwareSerial6.o
                0x00000000000019ec                HardwareSerial6::write(unsigned int)
 .text._ZN15HardwareSerial65writeEi
                0x0000000000001a10       0x24 ./teensy3/HardwareSerial6.o
                0x0000000000001a10                HardwareSerial6::write(int)
 .text._ZN15HardwareSerial65writeEPKhj
                0x0000000000001a34       0x20 ./teensy3/HardwareSerial6.o
                0x0000000000001a34                HardwareSerial6::write(unsigned char const*, unsigned int)
 .text._ZN15HardwareSerial65writeEPKc
                0x0000000000001a54       0x24 ./teensy3/HardwareSerial6.o
                0x0000000000001a54                HardwareSerial6::write(char const*)
 .text._ZN15HardwareSerial69write9bitEm
                0x0000000000001a78       0x1c ./teensy3/HardwareSerial6.o
                0x0000000000001a78                HardwareSerial6::write9bit(unsigned long)
 .text._Z12serialEvent6v
                0x0000000000001a94       0x10 ./teensy3/HardwareSerial6.o
                0x0000000000001a94                serialEvent6()
 .text._ZN5Print5printEhi
                0x0000000000001aa4       0x28 ./teensy3/IPAddress.o
                0x0000000000001aa4                Print::print(unsigned char, int)
 .text._ZN9PrintableC2Ev
                0x0000000000001acc       0x20 ./teensy3/IPAddress.o
                0x0000000000001acc                Printable::Printable()
                0x0000000000001acc                Printable::Printable()
 .text._ZN9IPAddressC2Em
                0x0000000000001aec       0x2c ./teensy3/IPAddress.o
                0x0000000000001aec                IPAddress::IPAddress(unsigned long)
                0x0000000000001aec                IPAddress::IPAddress(unsigned long)
 .text._ZNK9IPAddress7printToER5Print
                0x0000000000001b18       0x54 ./teensy3/IPAddress.o
                0x0000000000001b18                IPAddress::printTo(Print&) const
 .text._Z41__static_initialization_and_destruction_0ii
                0x0000000000001b6c       0x30 ./teensy3/IPAddress.o
 .text._GLOBAL__sub_I__ZNK9IPAddress7printToER5Print
                0x0000000000001b9c       0x10 ./teensy3/IPAddress.o
 .text._ZN13IntervalTimer3endEv
                0x0000000000001bac       0x70 ./teensy3/IntervalTimer.o
                0x0000000000001bac                IntervalTimer::end()
 .text.pit0_isr
                0x0000000000001c1c       0x1c ./teensy3/IntervalTimer.o
                0x0000000000001c1c                pit0_isr
 .text.pit1_isr
                0x0000000000001c38       0x1c ./teensy3/IntervalTimer.o
                0x0000000000001c38                pit1_isr
 .text.pit2_isr
                0x0000000000001c54       0x1c ./teensy3/IntervalTimer.o
                0x0000000000001c54                pit2_isr
 .text.pit3_isr
                0x0000000000001c70       0x1c ./teensy3/IntervalTimer.o
                0x0000000000001c70                pit3_isr
 .text._ZL11dummy_functv
                0x0000000000001c8c       0x10 ./teensy3/IntervalTimer.o
 .text._ZN5Print17availableForWriteEv
                0x0000000000001c9c       0x18 ./teensy3/Print.o
                0x0000000000001c9c                Print::availableForWrite()
 .text._ZN5Print5flushEv
                0x0000000000001cb4       0x14 ./teensy3/Print.o
                0x0000000000001cb4                Print::flush()
 .text._ZN5Print5writeEPKhj
                0x0000000000001cc8       0x4c ./teensy3/Print.o
                0x0000000000001cc8                Print::write(unsigned char const*, unsigned int)
 .text._ZN5Print11printNumberEmhh
                0x0000000000001d14      0x100 ./teensy3/Print.o
                0x0000000000001d14                Print::printNumber(unsigned long, unsigned char, unsigned char)
 .text._ZN13IntervalTimerC2Ev
                0x0000000000001e14       0x24 ./teensy3/Tone.o
                0x0000000000001e14                IntervalTimer::IntervalTimer()
                0x0000000000001e14                IntervalTimer::IntervalTimer()
 .text._ZN13IntervalTimerD2Ev
                0x0000000000001e38       0x18 ./teensy3/Tone.o
                0x0000000000001e38                IntervalTimer::~IntervalTimer()
                0x0000000000001e38                IntervalTimer::~IntervalTimer()
 .text._Z41__static_initialization_and_destruction_0ii
                0x0000000000001e50       0x40 ./teensy3/Tone.o
 .text._GLOBAL__sub_I_tone_timer
                0x0000000000001e90       0x10 ./teensy3/Tone.o
 .text.analog_init
                0x0000000000001ea0      0x160 ./teensy3/analog.o
                0x0000000000001ea0                analog_init
 .text.wait_for_cal
                0x0000000000002000      0x1f4 ./teensy3/analog.o
 .text.analogRead
                0x00000000000021f4      0x134 ./teensy3/analog.o
                0x00000000000021f4                analogRead
 .text.eeprom_initialize
                0x0000000000002328       0xc8 ./teensy3/eeprom.o
                0x0000000000002328                eeprom_initialize
 .text.eeprom_read_byte
                0x00000000000023f0       0x40 ./teensy3/eeprom.o
                0x00000000000023f0                eeprom_read_byte
 .text.flexram_wait
                0x0000000000002430       0x24 ./teensy3/eeprom.o
 .text.eeprom_write_byte
                0x0000000000002454       0x74 ./teensy3/eeprom.o
                0x0000000000002454                eeprom_write_byte
 .text.eeprom_write_block
                0x00000000000024c8      0x1c8 ./teensy3/eeprom.o
                0x00000000000024c8                eeprom_write_block
 .text          0x0000000000002690      0x134 ./teensy3/memcpy-armv7m.o
                0x0000000000002690                memcpy
 .text.fault_isr
                0x00000000000027c4       0x4c ./teensy3/mk20dx128.o
                0x00000000000027c4                hard_fault_isr
                0x00000000000027c4                bus_fault_isr
                0x00000000000027c4                usage_fault_isr
                0x00000000000027c4                fault_isr
                0x00000000000027c4                memmanage_fault_isr
 .text.unused_isr
                0x0000000000002810        0xc ./teensy3/mk20dx128.o
                0x0000000000002810                adc0_isr
                0x0000000000002810                dma_ch6_isr
                0x0000000000002810                uart0_lon_isr
                0x0000000000002810                dma_ch8_isr
                0x0000000000002810                portcd_isr
                0x0000000000002810                can1_rx_warn_isr
                0x0000000000002810                dma_error_isr
                0x0000000000002810                portd_isr
                0x0000000000002810                enet_error_isr
                0x0000000000002810                tpm1_isr
                0x0000000000002810                porte_isr
                0x0000000000002810                portb_isr
                0x0000000000002810                spi1_isr
                0x0000000000002810                mcm_isr
                0x0000000000002810                randnum_isr
                0x0000000000002810                watchdog_isr
                0x0000000000002810                dma_ch11_isr
                0x0000000000002810                dma_ch4_isr
                0x0000000000002810                dma_ch7_isr
                0x0000000000002810                lptmr_isr
                0x0000000000002810                can1_bus_off_isr
                0x0000000000002810                ftm2_isr
                0x0000000000002810                lpuart0_status_isr
                0x0000000000002810                dma_ch9_isr
                0x0000000000002810                i2c3_isr
                0x0000000000002810                can1_error_isr
                0x0000000000002810                can0_wakeup_isr
                0x0000000000002810                flash_cmd_isr
                0x0000000000002810                svcall_isr
                0x0000000000002810                dma_ch15_isr
                0x0000000000002810                uart1_error_isr
                0x0000000000002810                usbhs_phy_isr
                0x0000000000002810                unused_isr
                0x0000000000002810                spi0_isr
                0x0000000000002810                dma_ch3_isr
                0x0000000000002810                flash_error_isr
                0x0000000000002810                uart5_error_isr
                0x0000000000002810                rtc_seconds_isr
                0x0000000000002810                pdb_isr
                0x0000000000002810                dac1_isr
                0x0000000000002810                dma_ch14_isr
                0x0000000000002810                rtc_alarm_isr
                0x0000000000002810                dma_ch2_isr
                0x0000000000002810                ftm1_isr
                0x0000000000002810                dma_ch13_isr
                0x0000000000002810                uart2_error_isr
                0x0000000000002810                usb_charge_isr
                0x0000000000002810                cmt_isr
                0x0000000000002810                usbhs_isr
                0x0000000000002810                ftm3_isr
                0x0000000000002810                tsi0_isr
                0x0000000000002810                spi2_isr
                0x0000000000002810                can0_bus_off_isr
                0x0000000000002810                uart3_error_isr
                0x0000000000002810                porta_isr
                0x0000000000002810                low_voltage_isr
                0x0000000000002810                can0_error_isr
                0x0000000000002810                dma_ch12_isr
                0x0000000000002810                can1_wakeup_isr
                0x0000000000002810                enet_rx_isr
                0x0000000000002810                portc_isr
                0x0000000000002810                debugmonitor_isr
                0x0000000000002810                cmp1_isr
                0x0000000000002810                ftm0_isr
                0x0000000000002810                tpm0_isr
                0x0000000000002810                i2s0_rx_isr
                0x0000000000002810                uart4_error_isr
                0x0000000000002810                can0_message_isr
                0x0000000000002810                can1_message_isr
                0x0000000000002810                nmi_isr
                0x0000000000002810                sdhc_isr
                0x0000000000002810                dma_ch10_isr
                0x0000000000002810                uart0_error_isr
                0x0000000000002810                i2s0_isr
                0x0000000000002810                enet_timer_isr
                0x0000000000002810                i2s0_tx_isr
                0x0000000000002810                adc1_isr
                0x0000000000002810                cmp0_isr
                0x0000000000002810                pit_isr
                0x0000000000002810                dac0_isr
                0x0000000000002810                can1_tx_warn_isr
                0x0000000000002810                mcg_isr
                0x0000000000002810                dma_ch1_isr
                0x0000000000002810                dma_ch5_isr
                0x0000000000002810                can0_rx_warn_isr
                0x0000000000002810                can0_tx_warn_isr
                0x0000000000002810                cmp2_isr
                0x0000000000002810                wakeup_isr
                0x0000000000002810                cmp3_isr
                0x0000000000002810                tpm2_isr
                0x0000000000002810                dma_ch0_isr
                0x0000000000002810                enet_tx_isr
 .text.startup_default_early_hook
                0x000000000000281c       0x18 ./teensy3/mk20dx128.o
                0x000000000000281c                startup_early_hook
 .text.startup_default_late_hook
                0x0000000000002834       0x10 ./teensy3/mk20dx128.o
                0x0000000000002834                startup_late_hook
 .text.ResetHandler
                0x0000000000002844      0x1e0 ./teensy3/mk20dx128.o
                0x0000000000002844                ResetHandler
 .text._sbrk    0x0000000000002a24       0x50 ./teensy3/mk20dx128.o
                0x0000000000002a24                _sbrk
 .text.__cxa_pure_virtual
                0x0000000000002a74        0x8 ./teensy3/mk20dx128.o
                0x0000000000002a74                __cxa_pure_virtual
 .text.nvic_execution_priority
                0x0000000000002a7c       0x7c ./teensy3/mk20dx128.o
                0x0000000000002a7c                nvic_execution_priority
 .text._Znwj    0x0000000000002af8       0x18 ./teensy3/new.o
                0x0000000000002af8                operator new(unsigned int)
 .text._Znaj    0x0000000000002b10       0x18 ./teensy3/new.o
                0x0000000000002b10                operator new[](unsigned int)
 .text._ZdlPv   0x0000000000002b28       0x18 ./teensy3/new.o
                0x0000000000002b28                operator delete(void*)
 .text.ultoa    0x0000000000002b40       0xb8 ./teensy3/nonstd.o
                0x0000000000002b40                ultoa
 .text.rtc_set  0x0000000000002bf8       0x38 ./teensy3/pins_teensy.o
                0x0000000000002bf8                rtc_set
 .text._init_Teensyduino_internal_
                0x0000000000002c30      0x1a0 ./teensy3/pins_teensy.o
                0x0000000000002c30                _init_Teensyduino_internal_
 .text.digitalWrite
                0x0000000000002dd0       0x90 ./teensy3/pins_teensy.o
                0x0000000000002dd0                digitalWrite
 .text.pinMode  0x0000000000002e60       0xc0 ./teensy3/pins_teensy.o
                0x0000000000002e60                pinMode
 .text.micros   0x0000000000002f20       0x70 ./teensy3/pins_teensy.o
                0x0000000000002f20                micros
 .text.delay    0x0000000000002f90       0x48 ./teensy3/pins_teensy.o
                0x0000000000002f90                delay
 .text.serial_begin
                0x0000000000002fd8      0x13c ./teensy3/serial1.o
                0x0000000000002fd8                serial_begin
 .text.serial_format
                0x0000000000003114      0x10c ./teensy3/serial1.o
                0x0000000000003114                serial_format
 .text.serial_end
                0x0000000000003220       0xec ./teensy3/serial1.o
                0x0000000000003220                serial_end
 .text.serial_set_transmit_pin
                0x000000000000330c       0x4c ./teensy3/serial1.o
                0x000000000000330c                serial_set_transmit_pin
 .text.serial_set_tx
                0x0000000000003358       0xd0 ./teensy3/serial1.o
                0x0000000000003358                serial_set_tx
 .text.serial_set_rx
                0x0000000000003428       0x9c ./teensy3/serial1.o
                0x0000000000003428                serial_set_rx
 .text.serial_set_rts
                0x00000000000034c4       0x60 ./teensy3/serial1.o
                0x00000000000034c4                serial_set_rts
 .text.serial_set_cts
                0x0000000000003524       0x7c ./teensy3/serial1.o
                0x0000000000003524                serial_set_cts
 .text.serial_putchar
                0x00000000000035a0      0x118 ./teensy3/serial1.o
                0x00000000000035a0                serial_putchar
 .text.serial_write
                0x00000000000036b8      0x148 ./teensy3/serial1.o
                0x00000000000036b8                serial_write
 .text.serial_flush
                0x0000000000003800       0x1c ./teensy3/serial1.o
                0x0000000000003800                serial_flush
 .text.serial_write_buffer_free
                0x000000000000381c       0x44 ./teensy3/serial1.o
                0x000000000000381c                serial_write_buffer_free
 .text.serial_available
                0x0000000000003860       0x44 ./teensy3/serial1.o
                0x0000000000003860                serial_available
 .text.serial_getchar
                0x00000000000038a4       0x98 ./teensy3/serial1.o
                0x00000000000038a4                serial_getchar
 .text.serial_peek
                0x000000000000393c       0x58 ./teensy3/serial1.o
                0x000000000000393c                serial_peek
 .text.serial_clear
                0x0000000000003994       0x70 ./teensy3/serial1.o
                0x0000000000003994                serial_clear
 .text.uart0_status_isr
                0x0000000000003a04      0x1f4 ./teensy3/serial1.o
                0x0000000000003a04                uart0_status_isr
 .text.serial2_begin
                0x0000000000003bf8      0x11c ./teensy3/serial2.o
                0x0000000000003bf8                serial2_begin
 .text.serial2_format
                0x0000000000003d14      0x10c ./teensy3/serial2.o
                0x0000000000003d14                serial2_format
 .text.serial2_end
                0x0000000000003e20       0xc8 ./teensy3/serial2.o
                0x0000000000003e20                serial2_end
 .text.serial2_set_transmit_pin
                0x0000000000003ee8       0x4c ./teensy3/serial2.o
                0x0000000000003ee8                serial2_set_transmit_pin
 .text.serial2_set_tx
                0x0000000000003f34       0xb4 ./teensy3/serial2.o
                0x0000000000003f34                serial2_set_tx
 .text.serial2_set_rx
                0x0000000000003fe8       0x84 ./teensy3/serial2.o
                0x0000000000003fe8                serial2_set_rx
 .text.serial2_set_rts
                0x000000000000406c       0x60 ./teensy3/serial2.o
                0x000000000000406c                serial2_set_rts
 .text.serial2_set_cts
                0x00000000000040cc       0x7c ./teensy3/serial2.o
                0x00000000000040cc                serial2_set_cts
 .text.serial2_putchar
                0x0000000000004148      0x118 ./teensy3/serial2.o
                0x0000000000004148                serial2_putchar
 .text.serial2_write
                0x0000000000004260      0x148 ./teensy3/serial2.o
                0x0000000000004260                serial2_write
 .text.serial2_flush
                0x00000000000043a8       0x1c ./teensy3/serial2.o
                0x00000000000043a8                serial2_flush
 .text.serial2_write_buffer_free
                0x00000000000043c4       0x44 ./teensy3/serial2.o
                0x00000000000043c4                serial2_write_buffer_free
 .text.serial2_available
                0x0000000000004408       0x44 ./teensy3/serial2.o
                0x0000000000004408                serial2_available
 .text.serial2_getchar
                0x000000000000444c       0x98 ./teensy3/serial2.o
                0x000000000000444c                serial2_getchar
 .text.serial2_peek
                0x00000000000044e4       0x58 ./teensy3/serial2.o
                0x00000000000044e4                serial2_peek
 .text.serial2_clear
                0x000000000000453c       0x70 ./teensy3/serial2.o
                0x000000000000453c                serial2_clear
 .text.uart1_status_isr
                0x00000000000045ac      0x1f4 ./teensy3/serial2.o
                0x00000000000045ac                uart1_status_isr
 .text.serial3_begin
                0x00000000000047a0       0xcc ./teensy3/serial3.o
                0x00000000000047a0                serial3_begin
 .text.serial3_format
                0x000000000000486c      0x10c ./teensy3/serial3.o
                0x000000000000486c                serial3_format
 .text.serial3_end
                0x0000000000004978       0x84 ./teensy3/serial3.o
                0x0000000000004978                serial3_end
 .text.serial3_set_transmit_pin
                0x00000000000049fc       0x4c ./teensy3/serial3.o
                0x00000000000049fc                serial3_set_transmit_pin
 .text.serial3_set_tx
                0x0000000000004a48       0x90 ./teensy3/serial3.o
                0x0000000000004a48                serial3_set_tx
 .text.serial3_set_rx
                0x0000000000004ad8       0x18 ./teensy3/serial3.o
                0x0000000000004ad8                serial3_set_rx
 .text.serial3_set_rts
                0x0000000000004af0       0x60 ./teensy3/serial3.o
                0x0000000000004af0                serial3_set_rts
 .text.serial3_set_cts
                0x0000000000004b50       0x68 ./teensy3/serial3.o
                0x0000000000004b50                serial3_set_cts
 .text.serial3_putchar
                0x0000000000004bb8      0x118 ./teensy3/serial3.o
                0x0000000000004bb8                serial3_putchar
 .text.serial3_write
                0x0000000000004cd0       0x30 ./teensy3/serial3.o
                0x0000000000004cd0                serial3_write
 .text.serial3_flush
                0x0000000000004d00       0x1c ./teensy3/serial3.o
                0x0000000000004d00                serial3_flush
 .text.serial3_write_buffer_free
                0x0000000000004d1c       0x44 ./teensy3/serial3.o
                0x0000000000004d1c                serial3_write_buffer_free
 .text.serial3_available
                0x0000000000004d60       0x44 ./teensy3/serial3.o
                0x0000000000004d60                serial3_available
 .text.serial3_getchar
                0x0000000000004da4       0x98 ./teensy3/serial3.o
                0x0000000000004da4                serial3_getchar
 .text.serial3_peek
                0x0000000000004e3c       0x58 ./teensy3/serial3.o
                0x0000000000004e3c                serial3_peek
 .text.serial3_clear
                0x0000000000004e94       0x34 ./teensy3/serial3.o
                0x0000000000004e94                serial3_clear
 .text.uart2_status_isr
                0x0000000000004ec8      0x1a8 ./teensy3/serial3.o
                0x0000000000004ec8                uart2_status_isr
 .text.serial4_begin
                0x0000000000005070      0x110 ./teensy3/serial4.o
                0x0000000000005070                serial4_begin
 .text.serial4_format
                0x0000000000005180      0x10c ./teensy3/serial4.o
                0x0000000000005180                serial4_format
 .text.serial4_end
                0x000000000000528c       0xc8 ./teensy3/serial4.o
                0x000000000000528c                serial4_end
 .text.serial4_set_transmit_pin
                0x0000000000005354       0x4c ./teensy3/serial4.o
                0x0000000000005354                serial4_set_transmit_pin
 .text.serial4_set_tx
                0x00000000000053a0       0xb4 ./teensy3/serial4.o
                0x00000000000053a0                serial4_set_tx
 .text.serial4_set_rx
                0x0000000000005454       0x84 ./teensy3/serial4.o
                0x0000000000005454                serial4_set_rx
 .text.serial4_set_rts
                0x00000000000054d8       0x60 ./teensy3/serial4.o
                0x00000000000054d8                serial4_set_rts
 .text.serial4_set_cts
                0x0000000000005538       0x18 ./teensy3/serial4.o
                0x0000000000005538                serial4_set_cts
 .text.serial4_putchar
                0x0000000000005550      0x118 ./teensy3/serial4.o
                0x0000000000005550                serial4_putchar
 .text.serial4_write
                0x0000000000005668       0x30 ./teensy3/serial4.o
                0x0000000000005668                serial4_write
 .text.serial4_flush
                0x0000000000005698       0x1c ./teensy3/serial4.o
                0x0000000000005698                serial4_flush
 .text.serial4_write_buffer_free
                0x00000000000056b4       0x44 ./teensy3/serial4.o
                0x00000000000056b4                serial4_write_buffer_free
 .text.serial4_available
                0x00000000000056f8       0x44 ./teensy3/serial4.o
                0x00000000000056f8                serial4_available
 .text.serial4_getchar
                0x000000000000573c       0x98 ./teensy3/serial4.o
                0x000000000000573c                serial4_getchar
 .text.serial4_peek
                0x00000000000057d4       0x58 ./teensy3/serial4.o
                0x00000000000057d4                serial4_peek
 .text.serial4_clear
                0x000000000000582c       0x34 ./teensy3/serial4.o
                0x000000000000582c                serial4_clear
 .text.uart3_status_isr
                0x0000000000005860      0x1a8 ./teensy3/serial4.o
                0x0000000000005860                uart3_status_isr
 .text.serial5_begin
                0x0000000000005a08       0xcc ./teensy3/serial5.o
                0x0000000000005a08                serial5_begin
 .text.serial5_format
                0x0000000000005ad4      0x10c ./teensy3/serial5.o
                0x0000000000005ad4                serial5_format
 .text.serial5_end
                0x0000000000005be0       0x84 ./teensy3/serial5.o
                0x0000000000005be0                serial5_end
 .text.serial5_set_transmit_pin
                0x0000000000005c64       0x4c ./teensy3/serial5.o
                0x0000000000005c64                serial5_set_transmit_pin
 .text.serial5_set_tx
                0x0000000000005cb0       0x90 ./teensy3/serial5.o
                0x0000000000005cb0                serial5_set_tx
 .text.serial5_set_rx
                0x0000000000005d40       0x18 ./teensy3/serial5.o
                0x0000000000005d40                serial5_set_rx
 .text.serial5_set_rts
                0x0000000000005d58       0x60 ./teensy3/serial5.o
                0x0000000000005d58                serial5_set_rts
 .text.serial5_set_cts
                0x0000000000005db8       0x68 ./teensy3/serial5.o
                0x0000000000005db8                serial5_set_cts
 .text.serial5_putchar
                0x0000000000005e20      0x118 ./teensy3/serial5.o
                0x0000000000005e20                serial5_putchar
 .text.serial5_write
                0x0000000000005f38       0x30 ./teensy3/serial5.o
                0x0000000000005f38                serial5_write
 .text.serial5_flush
                0x0000000000005f68       0x1c ./teensy3/serial5.o
                0x0000000000005f68                serial5_flush
 .text.serial5_write_buffer_free
                0x0000000000005f84       0x44 ./teensy3/serial5.o
                0x0000000000005f84                serial5_write_buffer_free
 .text.serial5_available
                0x0000000000005fc8       0x44 ./teensy3/serial5.o
                0x0000000000005fc8                serial5_available
 .text.serial5_getchar
                0x000000000000600c       0x98 ./teensy3/serial5.o
                0x000000000000600c                serial5_getchar
 .text.serial5_peek
                0x00000000000060a4       0x58 ./teensy3/serial5.o
                0x00000000000060a4                serial5_peek
 .text.serial5_clear
                0x00000000000060fc       0x34 ./teensy3/serial5.o
                0x00000000000060fc                serial5_clear
 .text.uart4_status_isr
                0x0000000000006130      0x1a8 ./teensy3/serial5.o
                0x0000000000006130                uart4_status_isr
 .text.serial6_begin
                0x00000000000062d8       0xcc ./teensy3/serial6.o
                0x00000000000062d8                serial6_begin
 .text.serial6_format
                0x00000000000063a4      0x10c ./teensy3/serial6.o
                0x00000000000063a4                serial6_format
 .text.serial6_end
                0x00000000000064b0       0x84 ./teensy3/serial6.o
                0x00000000000064b0                serial6_end
 .text.serial6_set_transmit_pin
                0x0000000000006534       0x4c ./teensy3/serial6.o
                0x0000000000006534                serial6_set_transmit_pin
 .text.serial6_set_tx
                0x0000000000006580       0x90 ./teensy3/serial6.o
                0x0000000000006580                serial6_set_tx
 .text.serial6_set_rx
                0x0000000000006610       0x18 ./teensy3/serial6.o
                0x0000000000006610                serial6_set_rx
 .text.serial6_set_rts
                0x0000000000006628       0x60 ./teensy3/serial6.o
                0x0000000000006628                serial6_set_rts
 .text.serial6_set_cts
                0x0000000000006688       0x68 ./teensy3/serial6.o
                0x0000000000006688                serial6_set_cts
 .text.serial6_putchar
                0x00000000000066f0      0x118 ./teensy3/serial6.o
                0x00000000000066f0                serial6_putchar
 .text.serial6_write
                0x0000000000006808       0x30 ./teensy3/serial6.o
                0x0000000000006808                serial6_write
 .text.serial6_flush
                0x0000000000006838       0x1c ./teensy3/serial6.o
                0x0000000000006838                serial6_flush
 .text.serial6_write_buffer_free
                0x0000000000006854       0x44 ./teensy3/serial6.o
                0x0000000000006854                serial6_write_buffer_free
 .text.serial6_available
                0x0000000000006898       0x44 ./teensy3/serial6.o
                0x0000000000006898                serial6_available
 .text.serial6_getchar
                0x00000000000068dc       0x98 ./teensy3/serial6.o
                0x00000000000068dc                serial6_getchar
 .text.serial6_peek
                0x0000000000006974       0x58 ./teensy3/serial6.o
                0x0000000000006974                serial6_peek
 .text.serial6_clear
                0x00000000000069cc       0x34 ./teensy3/serial6.o
                0x00000000000069cc                serial6_clear
 .text.uart5_status_isr
                0x0000000000006a00      0x1a8 ./teensy3/serial6.o
                0x0000000000006a00                uart5_status_isr
 .text.usb_init_serialnumber
                0x0000000000006ba8       0xb8 ./teensy3/usb_desc.o
                0x0000000000006ba8                usb_init_serialnumber
 .text.endpoint0_stall
                0x0000000000006c60       0x18 ./teensy3/usb_dev.o
 .text.endpoint0_transmit
                0x0000000000006c78       0x78 ./teensy3/usb_dev.o
 .text.usb_setup
                0x0000000000006cf0      0x4dc ./teensy3/usb_dev.o
 .text.usb_control
                0x00000000000071cc      0x1a4 ./teensy3/usb_dev.o
 .text.usb_rx   0x0000000000007370       0x68 ./teensy3/usb_dev.o
                0x0000000000007370                usb_rx
 .text.usb_tx_packet_count
                0x00000000000073d8       0x50 ./teensy3/usb_dev.o
                0x00000000000073d8                usb_tx_packet_count
 .text.usb_rx_memory
                0x0000000000007428       0xdc ./teensy3/usb_dev.o
                0x0000000000007428                usb_rx_memory
 .text.usb_tx   0x0000000000007504       0xf4 ./teensy3/usb_dev.o
                0x0000000000007504                usb_tx
 .text._reboot_Teensyduino_
                0x00000000000075f8       0x10 ./teensy3/usb_dev.o
                0x00000000000075f8                _reboot_Teensyduino_
 .text.usb_isr  0x0000000000007608      0x378 ./teensy3/usb_dev.o
                0x0000000000007608                usb_isr
 .text.usb_init
                0x0000000000007980       0xe4 ./teensy3/usb_dev.o
                0x0000000000007980                usb_init
 .text._ZN16usb_serial_class9availableEv
                0x0000000000007a64       0x18 ./teensy3/usb_inst.o
                0x0000000000007a64                usb_serial_class::available()
 .text._ZN16usb_serial_class4readEv
                0x0000000000007a7c       0x18 ./teensy3/usb_inst.o
                0x0000000000007a7c                usb_serial_class::read()
 .text._ZN16usb_serial_class4peekEv
                0x0000000000007a94       0x18 ./teensy3/usb_inst.o
                0x0000000000007a94                usb_serial_class::peek()
 .text._ZN16usb_serial_class5flushEv
                0x0000000000007aac       0x14 ./teensy3/usb_inst.o
                0x0000000000007aac                usb_serial_class::flush()
 .text._ZN16usb_serial_class5clearEv
                0x0000000000007ac0       0x14 ./teensy3/usb_inst.o
                0x0000000000007ac0                usb_serial_class::clear()
 .text._ZN16usb_serial_class5writeEh
                0x0000000000007ad4       0x20 ./teensy3/usb_inst.o
                0x0000000000007ad4                usb_serial_class::write(unsigned char)
 .text._ZN16usb_serial_class5writeEPKhj
                0x0000000000007af4       0x20 ./teensy3/usb_inst.o
                0x0000000000007af4                usb_serial_class::write(unsigned char const*, unsigned int)
 .text._ZN16usb_serial_class17availableForWriteEv
                0x0000000000007b14       0x18 ./teensy3/usb_inst.o
                0x0000000000007b14                usb_serial_class::availableForWrite()
 .text._Z11serialEventv
                0x0000000000007b2c       0x10 ./teensy3/usb_inst.o
                0x0000000000007b2c                serialEvent()
 .text.usb_malloc
                0x0000000000007b3c       0x70 ./teensy3/usb_mem.o
                0x0000000000007b3c                usb_malloc
 .text.usb_free
                0x0000000000007bac       0x74 ./teensy3/usb_mem.o
                0x0000000000007bac                usb_free
 .text.usb_serial_getchar
                0x0000000000007c20       0x8c ./teensy3/usb_serial.o
                0x0000000000007c20                usb_serial_getchar
 .text.usb_serial_peekchar
                0x0000000000007cac       0x60 ./teensy3/usb_serial.o
                0x0000000000007cac                usb_serial_peekchar
 .text.usb_serial_available
                0x0000000000007d0c       0x58 ./teensy3/usb_serial.o
                0x0000000000007d0c                usb_serial_available
 .text.usb_serial_flush_input
                0x0000000000007d64       0x54 ./teensy3/usb_serial.o
                0x0000000000007d64                usb_serial_flush_input
 .text.usb_serial_putchar
                0x0000000000007db8       0x20 ./teensy3/usb_serial.o
                0x0000000000007db8                usb_serial_putchar
 .text.usb_serial_write
                0x0000000000007dd8      0x150 ./teensy3/usb_serial.o
                0x0000000000007dd8                usb_serial_write
 .text.usb_serial_write_buffer_free
                0x0000000000007f28       0x70 ./teensy3/usb_serial.o
                0x0000000000007f28                usb_serial_write_buffer_free
 .text.usb_serial_flush_output
                0x0000000000007f98       0x88 ./teensy3/usb_serial.o
                0x0000000000007f98                usb_serial_flush_output
 .text.usb_serial_flush_callback
                0x0000000000008020       0x6c ./teensy3/usb_serial.o
                0x0000000000008020                usb_serial_flush_callback
 .text._ZN14EventResponder12runFromYieldEv
                0x000000000000808c       0x9c ./teensy3/yield.o
                0x000000000000808c                EventResponder::runFromYield()
 .text.yield    0x0000000000008128       0xf8 ./teensy3/yield.o
                0x0000000000008128                yield
 .text._ZN5PrintC2Ev
                0x0000000000008220       0x28 ./i2c_t3/i2c_t3.o
                0x0000000000008220                Print::Print()
                0x0000000000008220                Print::Print()
 .text._ZN5Print13getWriteErrorEv
                0x0000000000008248       0x1c ./i2c_t3/i2c_t3.o
                0x0000000000008248                Print::getWriteError()
 .text._ZN5Print15clearWriteErrorEv
                0x0000000000008264       0x18 ./i2c_t3/i2c_t3.o
                0x0000000000008264                Print::clearWriteError()
 .text._ZN5Print13setWriteErrorEi
                0x000000000000827c       0x20 ./i2c_t3/i2c_t3.o
                0x000000000000827c                Print::setWriteError(int)
 .text._ZN6StreamC2Ev
                0x000000000000829c       0x34 ./i2c_t3/i2c_t3.o
                0x000000000000829c                Stream::Stream()
                0x000000000000829c                Stream::Stream()
 .text._ZN13elapsedMicrosC2Ev
                0x00000000000082d0       0x1c ./i2c_t3/i2c_t3.o
                0x00000000000082d0                elapsedMicros::elapsedMicros()
                0x00000000000082d0                elapsedMicros::elapsedMicros()
 .text._ZNK13elapsedMicroscvmEv
                0x00000000000082ec       0x1c ./i2c_t3/i2c_t3.o
                0x00000000000082ec                elapsedMicros::operator unsigned long() const
 .text._ZN13elapsedMicrosaSEm
                0x0000000000008308       0x24 ./i2c_t3/i2c_t3.o
                0x0000000000008308                elapsedMicros::operator=(unsigned long)
 .text._ZN12DMABaseClass6sourceERVKh
                0x000000000000832c       0x50 ./i2c_t3/i2c_t3.o
                0x000000000000832c                DMABaseClass::source(unsigned char const volatile&)
 .text._ZN12DMABaseClass12sourceBufferEPVKhj
                0x000000000000837c       0x58 ./i2c_t3/i2c_t3.o
                0x000000000000837c                DMABaseClass::sourceBuffer(unsigned char const volatile*, unsigned int)
 .text._ZN12DMABaseClass11destinationERVh
                0x00000000000083d4       0x50 ./i2c_t3/i2c_t3.o
                0x00000000000083d4                DMABaseClass::destination(unsigned char volatile&)
 .text._ZN12DMABaseClass17destinationBufferEPVhj
                0x0000000000008424       0x58 ./i2c_t3/i2c_t3.o
                0x0000000000008424                DMABaseClass::destinationBuffer(unsigned char volatile*, unsigned int)
 .text._ZN12DMABaseClass21interruptAtCompletionEv
                0x000000000000847c       0x28 ./i2c_t3/i2c_t3.o
                0x000000000000847c                DMABaseClass::interruptAtCompletion()
 .text._ZN12DMABaseClass19disableOnCompletionEv
                0x00000000000084a4       0x28 ./i2c_t3/i2c_t3.o
                0x00000000000084a4                DMABaseClass::disableOnCompletion()
 .text._ZN12DMABaseClassC2Ev
                0x00000000000084cc       0x18 ./i2c_t3/i2c_t3.o
                0x00000000000084cc                DMABaseClass::DMABaseClass()
                0x00000000000084cc                DMABaseClass::DMABaseClass()
 .text._ZN10DMAChannelC2Ev
                0x00000000000084e4       0x24 ./i2c_t3/i2c_t3.o
                0x00000000000084e4                DMAChannel::DMAChannel()
                0x00000000000084e4                DMAChannel::DMAChannel()
 .text._ZN10DMAChannelD2Ev
                0x0000000000008508       0x18 ./i2c_t3/i2c_t3.o
                0x0000000000008508                DMAChannel::~DMAChannel()
                0x0000000000008508                DMAChannel::~DMAChannel()
 .text._ZN10DMAChannel22triggerAtHardwareEventEh
                0x0000000000008520       0x44 ./i2c_t3/i2c_t3.o
                0x0000000000008520                DMAChannel::triggerAtHardwareEvent(unsigned char)
 .text._ZN10DMAChannel15attachInterruptEPFvvE
                0x0000000000008564       0x48 ./i2c_t3/i2c_t3.o
                0x0000000000008564                DMAChannel::attachInterrupt(void (*)())
 .text._ZN10DMAChannel14clearInterruptEv
                0x00000000000085ac       0x20 ./i2c_t3/i2c_t3.o
                0x00000000000085ac                DMAChannel::clearInterrupt()
 .text._ZN10DMAChannel6enableEv
                0x00000000000085cc       0x20 ./i2c_t3/i2c_t3.o
                0x00000000000085cc                DMAChannel::enable()
 .text._ZN10DMAChannel8completeEv
                0x00000000000085ec       0x34 ./i2c_t3/i2c_t3.o
                0x00000000000085ec                DMAChannel::complete()
 .text._ZN10DMAChannel13clearCompleteEv
                0x0000000000008620       0x20 ./i2c_t3/i2c_t3.o
                0x0000000000008620                DMAChannel::clearComplete()
 .text._ZN10DMAChannel5errorEv
                0x0000000000008640       0x3c ./i2c_t3/i2c_t3.o
                0x0000000000008640                DMAChannel::error()
 .text._ZN10DMAChannel10clearErrorEv
                0x000000000000867c       0x20 ./i2c_t3/i2c_t3.o
                0x000000000000867c                DMAChannel::clearError()
 .text._ZN6i2c_t39availableEv
                0x000000000000869c       0x28 ./i2c_t3/i2c_t3.o
                0x000000000000869c                i2c_t3::available()
 .text._ZN6i2c_t34readEv
                0x00000000000086c4       0x1c ./i2c_t3/i2c_t3.o
                0x00000000000086c4                i2c_t3::read()
 .text._ZN6i2c_t34peekEv
                0x00000000000086e0       0x1c ./i2c_t3/i2c_t3.o
                0x00000000000086e0                i2c_t3::peek()
 .text._ZN6i2c_t35flushEv
                0x00000000000086fc       0x14 ./i2c_t3/i2c_t3.o
                0x00000000000086fc                i2c_t3::flush()
 .text._ZN6i2c_t3C2Eh
                0x0000000000008710       0x48 ./i2c_t3/i2c_t3.o
                0x0000000000008710                i2c_t3::i2c_t3(unsigned char)
                0x0000000000008710                i2c_t3::i2c_t3(unsigned char)
 .text._ZN6i2c_t3D2Ev
                0x0000000000008758       0x40 ./i2c_t3/i2c_t3.o
                0x0000000000008758                i2c_t3::~i2c_t3()
                0x0000000000008758                i2c_t3::~i2c_t3()
 .text._ZN6i2c_t36begin_EP9i2cStructh8i2c_modehhhh10i2c_pullupm11i2c_op_mode
                0x0000000000008798      0x150 ./i2c_t3/i2c_t3.o
                0x0000000000008798                i2c_t3::begin_(i2cStruct*, unsigned char, i2c_mode, unsigned char, unsigned char, unsigned char, unsigned char, i2c_pullup, unsigned long, i2c_op_mode)
 .text._ZN6i2c_t39validPin_Ehhh
                0x00000000000088e8       0x64 ./i2c_t3/i2c_t3.o
                0x00000000000088e8                i2c_t3::validPin_(unsigned char, unsigned char, unsigned char)
 .text._ZN6i2c_t310setOpMode_EP9i2cStructh11i2c_op_mode
                0x000000000000894c      0x1e0 ./i2c_t3/i2c_t3.o
                0x000000000000894c                i2c_t3::setOpMode_(i2cStruct*, unsigned char, i2c_op_mode)
 .text._ZN6i2c_t38setRate_EP9i2cStructmm
                0x0000000000008b2c      0x104 ./i2c_t3/i2c_t3.o
                0x0000000000008b2c                i2c_t3::setRate_(i2cStruct*, unsigned long, unsigned long)
 .text._ZN6i2c_t313pinConfigure_EP9i2cStructhhh10i2c_pulluph
                0x0000000000008c30      0x1a8 ./i2c_t3/i2c_t3.o
                0x0000000000008c30                i2c_t3::pinConfigure_(i2cStruct*, unsigned char, unsigned char, unsigned char, i2c_pullup, unsigned char)
 .text._ZN6i2c_t311acquireBus_EP9i2cStructhmRh
                0x0000000000008dd8      0x1c0 ./i2c_t3/i2c_t3.o
                0x0000000000008dd8                i2c_t3::acquireBus_(i2cStruct*, unsigned char, unsigned long, unsigned char&)
 .text._ZN6i2c_t317beginTransmissionEh
                0x0000000000008f98       0x40 ./i2c_t3/i2c_t3.o
                0x0000000000008f98                i2c_t3::beginTransmission(unsigned char)
 .text._ZN6i2c_t315endTransmissionEP9i2cStructh8i2c_stopm
                0x0000000000008fd8       0x40 ./i2c_t3/i2c_t3.o
                0x0000000000008fd8                i2c_t3::endTransmission(i2cStruct*, unsigned char, i2c_stop, unsigned long)
 .text._ZN6i2c_t317sendTransmission_EP9i2cStructh8i2c_stopm
                0x0000000000009018      0x394 ./i2c_t3/i2c_t3.o
                0x0000000000009018                i2c_t3::sendTransmission_(i2cStruct*, unsigned char, i2c_stop, unsigned long)
 .text._ZN6i2c_t312requestFrom_EP9i2cStructhhj8i2c_stopm
                0x00000000000093ac       0x60 ./i2c_t3/i2c_t3.o
                0x00000000000093ac                i2c_t3::requestFrom_(i2cStruct*, unsigned char, unsigned char, unsigned int, i2c_stop, unsigned long)
 .text._ZN6i2c_t312sendRequest_EP9i2cStructhhj8i2c_stopm
                0x000000000000940c      0x51c ./i2c_t3/i2c_t3.o
                0x000000000000940c                i2c_t3::sendRequest_(i2cStruct*, unsigned char, unsigned char, unsigned int, i2c_stop, unsigned long)
 .text._ZN6i2c_t38getErrorEv
                0x0000000000009928       0x78 ./i2c_t3/i2c_t3.o
                0x0000000000009928                i2c_t3::getError()
 .text._ZN6i2c_t35done_EP9i2cStruct
                0x00000000000099a0       0x28 ./i2c_t3/i2c_t3.o
                0x00000000000099a0                i2c_t3::done_(i2cStruct*)
 .text._ZN6i2c_t37finish_EP9i2cStructhm
                0x00000000000099c8      0x120 ./i2c_t3/i2c_t3.o
                0x00000000000099c8                i2c_t3::finish_(i2cStruct*, unsigned char, unsigned long)
 .text._ZN6i2c_t35writeEh
                0x0000000000009ae8       0x58 ./i2c_t3/i2c_t3.o
                0x0000000000009ae8                i2c_t3::write(unsigned char)
 .text._ZN6i2c_t35writeEPKhj
                0x0000000000009b40       0x94 ./i2c_t3/i2c_t3.o
                0x0000000000009b40                i2c_t3::write(unsigned char const*, unsigned int)
 .text._ZN6i2c_t35read_EP9i2cStruct
                0x0000000000009bd4       0x4c ./i2c_t3/i2c_t3.o
                0x0000000000009bd4                i2c_t3::read_(i2cStruct*)
 .text._ZN6i2c_t35peek_EP9i2cStruct
                0x0000000000009c20       0x44 ./i2c_t3/i2c_t3.o
                0x0000000000009c20                i2c_t3::peek_(i2cStruct*)
 .text.i2c0_isr
                0x0000000000009c64       0x14 ./i2c_t3/i2c_t3.o
                0x0000000000009c64                i2c0_isr
 .text.i2c1_isr
                0x0000000000009c78       0x14 ./i2c_t3/i2c_t3.o
                0x0000000000009c78                i2c1_isr
 .text.i2c2_isr
                0x0000000000009c8c       0x14 ./i2c_t3/i2c_t3.o
                0x0000000000009c8c                i2c2_isr
 .text.i2c_isr_handler
                0x0000000000009ca0      0xbc4 ./i2c_t3/i2c_t3.o
                0x0000000000009ca0                i2c_isr_handler
 .text._Z41__static_initialization_and_destruction_0ii
                0x000000000000a864       0x6c ./i2c_t3/i2c_t3.o
 .text._GLOBAL__sub_I__ZN6i2c_t37i2cDataE
                0x000000000000a8d0       0x10 ./i2c_t3/i2c_t3.o
 .text._ZN10RawDegreesC2Ev
                0x000000000000a8e0       0x28 ./TinyGPSPlus/TinyGPS++.o
                0x000000000000a8e0                RawDegrees::RawDegrees()
                0x000000000000a8e0                RawDegrees::RawDegrees()
 .text._ZN15TinyGPSLocationC2Ev
                0x000000000000a908       0x48 ./TinyGPSPlus/TinyGPS++.o
                0x000000000000a908                TinyGPSLocation::TinyGPSLocation()
                0x000000000000a908                TinyGPSLocation::TinyGPSLocation()
 .text._ZN11TinyGPSDateC2Ev
                0x000000000000a950       0x28 ./TinyGPSPlus/TinyGPS++.o
                0x000000000000a950                TinyGPSDate::TinyGPSDate()
                0x000000000000a950                TinyGPSDate::TinyGPSDate()
 .text._ZN11TinyGPSTimeC2Ev
                0x000000000000a978       0x28 ./TinyGPSPlus/TinyGPS++.o
                0x000000000000a978                TinyGPSTime::TinyGPSTime()
                0x000000000000a978                TinyGPSTime::TinyGPSTime()
 .text._ZN14TinyGPSDecimalC2Ev
                0x000000000000a9a0       0x28 ./TinyGPSPlus/TinyGPS++.o
                0x000000000000a9a0                TinyGPSDecimal::TinyGPSDecimal()
                0x000000000000a9a0                TinyGPSDecimal::TinyGPSDecimal()
 .text._ZN14TinyGPSIntegerC2Ev
                0x000000000000a9c8       0x28 ./TinyGPSPlus/TinyGPS++.o
                0x000000000000a9c8                TinyGPSInteger::TinyGPSInteger()
                0x000000000000a9c8                TinyGPSInteger::TinyGPSInteger()
 .text._ZN12TinyGPSSpeedC2Ev
                0x000000000000a9f0       0x1c ./TinyGPSPlus/TinyGPS++.o
                0x000000000000a9f0                TinyGPSSpeed::TinyGPSSpeed()
                0x000000000000a9f0                TinyGPSSpeed::TinyGPSSpeed()
 .text._ZN13TinyGPSCourseC2Ev
                0x000000000000aa0c       0x1c ./TinyGPSPlus/TinyGPS++.o
                0x000000000000aa0c                TinyGPSCourse::TinyGPSCourse()
                0x000000000000aa0c                TinyGPSCourse::TinyGPSCourse()
 .text._ZN15TinyGPSAltitudeC2Ev
                0x000000000000aa28       0x1c ./TinyGPSPlus/TinyGPS++.o
                0x000000000000aa28                TinyGPSAltitude::TinyGPSAltitude()
                0x000000000000aa28                TinyGPSAltitude::TinyGPSAltitude()
 .text._ZN11TinyGPSPlusC2Ev
                0x000000000000aa44       0xc8 ./TinyGPSPlus/TinyGPS++.o
                0x000000000000aa44                TinyGPSPlus::TinyGPSPlus()
                0x000000000000aa44                TinyGPSPlus::TinyGPSPlus()
 .text._ZN11TinyGPSPlus6encodeEc
                0x000000000000ab0c      0x1b8 ./TinyGPSPlus/TinyGPS++.o
                0x000000000000ab0c                TinyGPSPlus::encode(char)
 .text._ZN11TinyGPSPlus7fromHexEc
                0x000000000000acc4       0x50 ./TinyGPSPlus/TinyGPS++.o
                0x000000000000acc4                TinyGPSPlus::fromHex(char)
 .text._ZN11TinyGPSPlus12parseDecimalEPKc
                0x000000000000ad14       0xb0 ./TinyGPSPlus/TinyGPS++.o
                0x000000000000ad14                TinyGPSPlus::parseDecimal(char const*)
 .text._ZN11TinyGPSPlus12parseDegreesEPKcR10RawDegrees
                0x000000000000adc4       0xd8 ./TinyGPSPlus/TinyGPS++.o
                0x000000000000adc4                TinyGPSPlus::parseDegrees(char const*, RawDegrees&)
 .text._ZN11TinyGPSPlus16endOfTermHandlerEv
                0x000000000000ae9c      0x480 ./TinyGPSPlus/TinyGPS++.o
                0x000000000000ae9c                TinyGPSPlus::endOfTermHandler()
 *fill*         0x000000000000b31c        0x4 ff
 .text._ZN11TinyGPSPlus15distanceBetweenEdddd
                0x000000000000b320      0x1e0 ./TinyGPSPlus/TinyGPS++.o
                0x000000000000b320                TinyGPSPlus::distanceBetween(double, double, double, double)
 .text._ZN11TinyGPSPlus8courseToEdddd
                0x000000000000b500      0x188 ./TinyGPSPlus/TinyGPS++.o
                0x000000000000b500                TinyGPSPlus::courseTo(double, double, double, double)
 .text._ZN15TinyGPSLocation6commitEv
                0x000000000000b688       0x5c ./TinyGPSPlus/TinyGPS++.o
                0x000000000000b688                TinyGPSLocation::commit()
 .text._ZN15TinyGPSLocation11setLatitudeEPKc
                0x000000000000b6e4       0x20 ./TinyGPSPlus/TinyGPS++.o
                0x000000000000b6e4                TinyGPSLocation::setLatitude(char const*)
 .text._ZN15TinyGPSLocation12setLongitudeEPKc
                0x000000000000b704       0x20 ./TinyGPSPlus/TinyGPS++.o
                0x000000000000b704                TinyGPSLocation::setLongitude(char const*)
 *fill*         0x000000000000b724        0x4 ff
 .text._ZN15TinyGPSLocation3latEv
                0x000000000000b728       0x78 ./TinyGPSPlus/TinyGPS++.o
                0x000000000000b728                TinyGPSLocation::lat()
 .text._ZN15TinyGPSLocation3lngEv
                0x000000000000b7a0       0x78 ./TinyGPSPlus/TinyGPS++.o
                0x000000000000b7a0                TinyGPSLocation::lng()
 .text._ZN11TinyGPSDate6commitEv
                0x000000000000b818       0x3c ./TinyGPSPlus/TinyGPS++.o
                0x000000000000b818                TinyGPSDate::commit()
 .text._ZN11TinyGPSTime6commitEv
                0x000000000000b854       0x3c ./TinyGPSPlus/TinyGPS++.o
                0x000000000000b854                TinyGPSTime::commit()
 .text._ZN11TinyGPSTime7setTimeEPKc
                0x000000000000b890       0x20 ./TinyGPSPlus/TinyGPS++.o
                0x000000000000b890                TinyGPSTime::setTime(char const*)
 .text._ZN11TinyGPSDate7setDateEPKc
                0x000000000000b8b0       0x20 ./TinyGPSPlus/TinyGPS++.o
                0x000000000000b8b0                TinyGPSDate::setDate(char const*)
 .text._ZN14TinyGPSDecimal6commitEv
                0x000000000000b8d0       0x3c ./TinyGPSPlus/TinyGPS++.o
                0x000000000000b8d0                TinyGPSDecimal::commit()
 .text._ZN14TinyGPSDecimal3setEPKc
                0x000000000000b90c       0x20 ./TinyGPSPlus/TinyGPS++.o
                0x000000000000b90c                TinyGPSDecimal::set(char const*)
 .text._ZN14TinyGPSInteger6commitEv
                0x000000000000b92c       0x3c ./TinyGPSPlus/TinyGPS++.o
                0x000000000000b92c                TinyGPSInteger::commit()
 .text._ZN14TinyGPSInteger3setEPKc
                0x000000000000b968       0x20 ./TinyGPSPlus/TinyGPS++.o
                0x000000000000b968                TinyGPSInteger::set(char const*)
 .text._ZN13TinyGPSCustom6commitEv
                0x000000000000b988       0x44 ./TinyGPSPlus/TinyGPS++.o
                0x000000000000b988                TinyGPSCustom::commit()
 .text._ZN13TinyGPSCustom3setEPKc
                0x000000000000b9cc       0x20 ./TinyGPSPlus/TinyGPS++.o
                0x000000000000b9cc                TinyGPSCustom::set(char const*)
 .text._ZN6i2c_t315endTransmissionE8i2c_stopm
                0x000000000000b9ec       0x30 ./BMP280.o
                0x000000000000b9ec                i2c_t3::endTransmission(i2c_stop, unsigned long)
 .text._ZN17JetiExBusProtocol11ResetPacketEv
                0x000000000000ba1c       0x44 ./JetiExBusProtocol.o
                0x000000000000ba1c                JetiExBusProtocol::ResetPacket()
 .text._ZN17JetiExBusProtocolC2Ev
                0x000000000000ba60       0x5c ./JetiExBusProtocol.o
                0x000000000000ba60                JetiExBusProtocol::JetiExBusProtocol()
                0x000000000000ba60                JetiExBusProtocol::JetiExBusProtocol()
 .text._ZN17JetiExBusProtocol5StartEPKcPK15JetiSensorConsti
                0x000000000000babc       0x60 ./JetiExBusProtocol.o
                0x000000000000babc                JetiExBusProtocol::Start(char const*, JetiSensorConst const*, int)
 .text._ZN17JetiExBusProtocol10GetChannelEh
                0x000000000000bb1c       0x40 ./JetiExBusProtocol.o
                0x000000000000bb1c                JetiExBusProtocol::GetChannel(unsigned char)
 .text._ZN17JetiExBusProtocol11DoJetiExBusEv
                0x000000000000bb5c      0x1cc ./JetiExBusProtocol.o
                0x000000000000bb5c                JetiExBusProtocol::DoJetiExBus()
 .text._ZN17JetiExBusProtocol17DecodeChannelDataEv
                0x000000000000bd28       0x64 ./JetiExBusProtocol.o
                0x000000000000bd28                JetiExBusProtocol::DecodeChannelData()
 .text._ZN17JetiExBusProtocol15SendJetiBoxDataEv
                0x000000000000bd8c       0xe8 ./JetiExBusProtocol.o
                0x000000000000bd8c                JetiExBusProtocol::SendJetiBoxData()
 .text._ZN17JetiExBusProtocol17SendTelemetryDataEv
                0x000000000000be74       0xf4 ./JetiExBusProtocol.o
                0x000000000000be74                JetiExBusProtocol::SendTelemetryData()
 .text._ZN17JetiExBusProtocol15ReceiveCRCCheckEv
                0x000000000000bf68       0x84 ./JetiExBusProtocol.o
                0x000000000000bf68                JetiExBusProtocol::ReceiveCRCCheck()
 .text._ZN17JetiExBusProtocol14SetJetiboxTextEiPKc
                0x000000000000bfec       0x8c ./JetiExBusProtocol.o
                0x000000000000bfec                JetiExBusProtocol::SetJetiboxText(int, char const*)
 .text._ZN17JetiExBusProtocol16crc_ccitt_updateEth
                0x000000000000c078       0x64 ./JetiExBusProtocol.o
                0x000000000000c078                JetiExBusProtocol::crc_ccitt_update(unsigned short, unsigned char)
 .text._ZN21JetiExBusTeensySerial5beginEmm
                0x000000000000c0dc       0x28 ./JetiExBusSerial.o
                0x000000000000c0dc                JetiExBusTeensySerial::begin(unsigned long, unsigned long)
 .text._ZN21JetiExBusTeensySerial5writeEPKhj
                0x000000000000c104       0x2c ./JetiExBusSerial.o
                0x000000000000c104                JetiExBusTeensySerial::write(unsigned char const*, unsigned int)
 .text._ZN21JetiExBusTeensySerial9availableEv
                0x000000000000c130       0x24 ./JetiExBusSerial.o
                0x000000000000c130                JetiExBusTeensySerial::available()
 .text._ZN21JetiExBusTeensySerial4readEv
                0x000000000000c154       0x24 ./JetiExBusSerial.o
                0x000000000000c154                JetiExBusTeensySerial::read()
 .text._ZN15JetiExBusSerial10CreatePortEi
                0x000000000000c178       0x24 ./JetiExBusSerial.o
                0x000000000000c178                JetiExBusSerial::CreatePort(int)
 .text._ZN15JetiExBusSerialC2Ev
                0x000000000000c19c       0x20 ./JetiExBusSerial.o
                0x000000000000c19c                JetiExBusSerial::JetiExBusSerial()
                0x000000000000c19c                JetiExBusSerial::JetiExBusSerial()
 .text._ZN21JetiExBusTeensySerialC2Ei
                0x000000000000c1bc       0x5c ./JetiExBusSerial.o
                0x000000000000c1bc                JetiExBusTeensySerial::JetiExBusTeensySerial(int)
                0x000000000000c1bc                JetiExBusTeensySerial::JetiExBusTeensySerial(int)
 .text._ZN9JetiValueC2Ev
                0x000000000000c218       0x20 ./JetiExProtocolBuf.o
                0x000000000000c218                JetiValue::JetiValue()
                0x000000000000c218                JetiValue::JetiValue()
 .text._ZN10JetiSensorC2EiP17JetiExProtocolBuf
                0x000000000000c238      0x194 ./JetiExProtocolBuf.o
                0x000000000000c238                JetiSensor::JetiSensor(int, JetiExProtocolBuf*)
                0x000000000000c238                JetiSensor::JetiSensor(int, JetiExProtocolBuf*)
 .text._ZN17JetiExProtocolBufC2Ev
                0x000000000000c3cc       0x6c ./JetiExProtocolBuf.o
                0x000000000000c3cc                JetiExProtocolBuf::JetiExProtocolBuf()
                0x000000000000c3cc                JetiExProtocolBuf::JetiExProtocolBuf()
 .text._ZN17JetiExProtocolBuf4InitEPKcPK15JetiSensorConst
                0x000000000000c438       0x98 ./JetiExProtocolBuf.o
                0x000000000000c438                JetiExProtocolBuf::Init(char const*, JetiSensorConst const*)
 .text._ZN17JetiExProtocolBuf14SetSensorValueEhl
                0x000000000000c4d0       0x40 ./JetiExProtocolBuf.o
                0x000000000000c4d0                JetiExProtocolBuf::SetSensorValue(unsigned char, long)
 .text._ZN17JetiExProtocolBuf17SetSensorValueGPSEhbf
                0x000000000000c510       0xd8 ./JetiExProtocolBuf.o
                0x000000000000c510                JetiExProtocolBuf::SetSensorValueGPS(unsigned char, bool, float)
 .text._ZN17JetiExProtocolBuf15SetSensorActiveEhbPK15JetiSensorConst
                0x000000000000c5e8       0xc4 ./JetiExProtocolBuf.o
                0x000000000000c5e8                JetiExProtocolBuf::SetSensorActive(unsigned char, bool, JetiSensorConst const*)
 .text._ZN17JetiExProtocolBuf16InitSensorMapperEPK15JetiSensorConst
                0x000000000000c6ac       0x94 ./JetiExProtocolBuf.o
                0x000000000000c6ac                JetiExProtocolBuf::InitSensorMapper(JetiSensorConst const*)
 .text._ZN17JetiExProtocolBuf12SetupExFrameEhPh
                0x000000000000c740      0x2e8 ./JetiExProtocolBuf.o
                0x000000000000c740                JetiExProtocolBuf::SetupExFrame(unsigned char, unsigned char*)
 .text._ZN10JetiSensor9copyLabelEPKhS1_PhiS2_S2_
                0x000000000000ca28       0xa8 ./JetiExProtocolBuf.o
                0x000000000000ca28                JetiSensor::copyLabel(unsigned char const*, unsigned char const*, unsigned char*, int, unsigned char*, unsigned char*)
 .text._ZN10JetiSensor15jetiEncodeValueEPhh
                0x000000000000cad0      0x284 ./JetiExProtocolBuf.o
                0x000000000000cad0                JetiSensor::jetiEncodeValue(unsigned char*, unsigned char)
 .text._ZN10JetiSensor13jetiCopyLabelEPhh
                0x000000000000cd54       0x4c ./JetiExProtocolBuf.o
                0x000000000000cd54                JetiSensor::jetiCopyLabel(unsigned char*, unsigned char)
 .text._ZN17JetiExProtocolBuf10update_crcEhh
                0x000000000000cda0       0x5c ./JetiExProtocolBuf.o
                0x000000000000cda0                JetiExProtocolBuf::update_crc(unsigned char, unsigned char)
 .text._ZN6i2c_t317beginTransmissionEi
                0x000000000000cdfc       0x20 ./MS5611.o
                0x000000000000cdfc                i2c_t3::beginTransmission(int)
 .text._ZN6i2c_t315endTransmissionEh
                0x000000000000ce1c       0x2c ./MS5611.o
                0x000000000000ce1c                i2c_t3::endTransmission(unsigned char)
 .text._ZN6i2c_t311requestFromEii
                0x000000000000ce48       0x34 ./MS5611.o
                0x000000000000ce48                i2c_t3::requestFrom(int, int)
 .text._ZN6i2c_t35writeEi
                0x000000000000ce7c       0x24 ./MS5611.o
                0x000000000000ce7c                i2c_t3::write(int)
 .text._ZN6MS5611C2Ev
                0x000000000000cea0       0x38 ./MS5611.o
                0x000000000000cea0                MS5611::MS5611()
                0x000000000000cea0                MS5611::MS5611()
 .text._ZN6MS56115beginEv
                0x000000000000ced8       0x28 ./MS5611.o
                0x000000000000ced8                MS5611::begin()
 .text._ZN6MS561123readPressureTemperatureEPfS0_
                0x000000000000cf00       0x68 ./MS5611.o
                0x000000000000cf00                MS5611::readPressureTemperature(float*, float*)
 .text._ZN6MS561124CalculateTemperatureCx10Ev
                0x000000000000cf68       0x64 ./MS5611.o
                0x000000000000cf68                MS5611::CalculateTemperatureCx10()
 .text._ZN6MS561119CalculatePressurePaEv
                0x000000000000cfcc      0x1e4 ./MS5611.o
                0x000000000000cfcc                MS5611::CalculatePressurePa()
 .text._ZN6MS561121TriggerPressureSampleEv